Component: ARM Compiler 5.06 update 5 (build 528) Tool: armlink [4d35e2]

==============================================================================

Section Cross References

    startup_stm32h743xx.o(STACK) refers (Special) to heapauxi.o(.text) for __use_two_region_memory
    startup_stm32h743xx.o(HEAP) refers (Special) to heapauxi.o(.text) for __use_two_region_memory
    startup_stm32h743xx.o(RESET) refers (Special) to heapauxi.o(.text) for __use_two_region_memory
    startup_stm32h743xx.o(RESET) refers to startup_stm32h743xx.o(STACK) for __initial_sp
    startup_stm32h743xx.o(RESET) refers to startup_stm32h743xx.o(.text) for Reset_Handler
    startup_stm32h743xx.o(RESET) refers to stm32h7xx_it.o(i.NMI_Handler) for NMI_Handler
    startup_stm32h743xx.o(RESET) refers to stm32h7xx_it.o(i.HardFault_Handler) for HardFault_Handler
    startup_stm32h743xx.o(RESET) refers to stm32h7xx_it.o(i.MemManage_Handler) for MemManage_Handler
    startup_stm32h743xx.o(RESET) refers to stm32h7xx_it.o(i.BusFault_Handler) for BusFault_Handler
    startup_stm32h743xx.o(RESET) refers to stm32h7xx_it.o(i.UsageFault_Handler) for UsageFault_Handler
    startup_stm32h743xx.o(RESET) refers to stm32h7xx_it.o(i.SVC_Handler) for SVC_Handler
    startup_stm32h743xx.o(RESET) refers to stm32h7xx_it.o(i.DebugMon_Handler) for DebugMon_Handler
    startup_stm32h743xx.o(RESET) refers to stm32h7xx_it.o(i.PendSV_Handler) for PendSV_Handler
    startup_stm32h743xx.o(RESET) refers to stm32h7xx_it.o(i.SysTick_Handler) for SysTick_Handler
    startup_stm32h743xx.o(RESET) refers to stm32h7xx_it.o(i.DMA1_Stream0_IRQHandler) for DMA1_Stream0_IRQHandler
    startup_stm32h743xx.o(RESET) refers to stm32h7xx_it.o(i.DMA1_Stream1_IRQHandler) for DMA1_Stream1_IRQHandler
    startup_stm32h743xx.o(RESET) refers to stm32h7xx_it.o(i.TIM2_IRQHandler) for TIM2_IRQHandler
    startup_stm32h743xx.o(RESET) refers to usmart_port.o(i.TIM4_IRQHandler) for TIM4_IRQHandler
    startup_stm32h743xx.o(RESET) refers to stm32h7xx_it.o(i.USART1_IRQHandler) for USART1_IRQHandler
    startup_stm32h743xx.o(RESET) refers to stm32h7xx_it.o(i.TIM5_IRQHandler) for TIM5_IRQHandler
    startup_stm32h743xx.o(RESET) refers to stm32h7xx_it.o(i.ETH_IRQHandler) for ETH_IRQHandler
    startup_stm32h743xx.o(.text) refers (Special) to heapauxi.o(.text) for __use_two_region_memory
    startup_stm32h743xx.o(.text) refers to system_stm32h7xx.o(i.SystemInit) for SystemInit
    startup_stm32h743xx.o(.text) refers to __main.o(!!!main) for __main
    startup_stm32h743xx.o(.text) refers to startup_stm32h743xx.o(HEAP) for Heap_Mem
    startup_stm32h743xx.o(.text) refers to startup_stm32h743xx.o(STACK) for Stack_Mem
    ethercatbase.o(i.ec_APRD) refers to ethercatbase.o(i.ecx_APRD) for ecx_APRD
    ethercatbase.o(i.ec_APRD) refers to ethercatmain.o(.bss) for ecx_port
    ethercatbase.o(i.ec_APRDw) refers to ethercatbase.o(i.ec_APRD) for ec_APRD
    ethercatbase.o(i.ec_APWR) refers to ethercatbase.o(i.ecx_APWR) for ecx_APWR
    ethercatbase.o(i.ec_APWR) refers to ethercatmain.o(.bss) for ecx_port
    ethercatbase.o(i.ec_APWRw) refers to ethercatbase.o(i.ec_APWR) for ec_APWR
    ethercatbase.o(i.ec_ARMW) refers to ethercatbase.o(i.ecx_ARMW) for ecx_ARMW
    ethercatbase.o(i.ec_ARMW) refers to ethercatmain.o(.bss) for ecx_port
    ethercatbase.o(i.ec_BRD) refers to ethercatbase.o(i.ecx_BRD) for ecx_BRD
    ethercatbase.o(i.ec_BRD) refers to ethercatmain.o(.bss) for ecx_port
    ethercatbase.o(i.ec_BWR) refers to ethercatbase.o(i.ecx_BWR) for ecx_BWR
    ethercatbase.o(i.ec_BWR) refers to ethercatmain.o(.bss) for ecx_port
    ethercatbase.o(i.ec_FPRD) refers to ethercatbase.o(i.ecx_FPRD) for ecx_FPRD
    ethercatbase.o(i.ec_FPRD) refers to ethercatmain.o(.bss) for ecx_port
    ethercatbase.o(i.ec_FPRDw) refers to ethercatbase.o(i.ec_FPRD) for ec_FPRD
    ethercatbase.o(i.ec_FPWR) refers to ethercatbase.o(i.ecx_FPWR) for ecx_FPWR
    ethercatbase.o(i.ec_FPWR) refers to ethercatmain.o(.bss) for ecx_port
    ethercatbase.o(i.ec_FPWRw) refers to ethercatbase.o(i.ec_FPWR) for ec_FPWR
    ethercatbase.o(i.ec_FRMW) refers to ethercatbase.o(i.ecx_FRMW) for ecx_FRMW
    ethercatbase.o(i.ec_FRMW) refers to ethercatmain.o(.bss) for ecx_port
    ethercatbase.o(i.ec_LRD) refers to ethercatbase.o(i.ecx_LRD) for ecx_LRD
    ethercatbase.o(i.ec_LRD) refers to ethercatmain.o(.bss) for ecx_port
    ethercatbase.o(i.ec_LRW) refers to ethercatbase.o(i.ecx_LRW) for ecx_LRW
    ethercatbase.o(i.ec_LRW) refers to ethercatmain.o(.bss) for ecx_port
    ethercatbase.o(i.ec_LRWDC) refers to ethercatbase.o(i.ecx_LRWDC) for ecx_LRWDC
    ethercatbase.o(i.ec_LRWDC) refers to ethercatmain.o(.bss) for ecx_port
    ethercatbase.o(i.ec_LWR) refers to ethercatbase.o(i.ecx_LWR) for ecx_LWR
    ethercatbase.o(i.ec_LWR) refers to ethercatmain.o(.bss) for ecx_port
    ethercatbase.o(i.ec_adddatagram) refers to ethercatbase.o(i.ecx_adddatagram) for ecx_adddatagram
[...]
    asc2_1206                                0x08020230   Data        1140  lcd.o(.constdata)
    asc2_1608                                0x080206a4   Data        1520  lcd.o(.constdata)
    asc2_2412                                0x08020c94   Data        3420  lcd.o(.constdata)
    asc2_3216                                0x080219f0   Data        6080  lcd.o(.constdata)
    UARTPrescTable                           0x080231b8   Data          24  stm32h7xx_hal_uart.o(.constdata)
    D1CorePrescTable                         0x080231e0   Data          16  system_stm32h7xx.o(.constdata)
    memtblsize                               0x080231f0   Data          24  malloc.o(.constdata)
    memblksize                               0x08023208   Data          24  malloc.o(.constdata)
    memsize                                  0x08023220   Data          24  malloc.o(.constdata)
    Region$$Table$$Base                      0x080235bc   Number         0  anon$$obj.o(Region$$Table)
    Region$$Table$$Limit                     0x080235dc   Number         0  anon$$obj.o(Region$$Table)
    ec_slavecount                            0x24000000   Data           4  ethercatmain.o(.data)
    EcatError                                0x2400000c   Data           1  ethercatmain.o(.data)
    ec_DCtime                                0x24000010   Data           8  ethercatmain.o(.data)
    ecx_context                              0x24000018   Data          88  ethercatmain.o(.data)
    integral                                 0x24000070   Data           8  dcsync.o(.data)
    toff                                     0x24000078   Data           8  dcsync.o(.data)
    cycletime                                0x24000080   Data           8  dcsync.o(.data)
    needlf                                   0x24000088   Data           1  simpletest.o(.data)
    inOP                                     0x24000089   Data           1  simpletest.o(.data)
    wkc                                      0x2400008c   Data           4  simpletest.o(.data)
    expectedWKC                              0x24000090   Data           4  simpletest.o(.data)
    currentgroup                             0x24000094   Data           1  simpletest.o(.data)
    g_ltdc_framebuf                          0x24000098   Data           8  ltdc.o(.data)
    g_point_color                            0x240000a0   Data           4  lcd.o(.data)
    g_back_color                             0x240000a4   Data           4  lcd.o(.data)
    LD3Mflag                                 0x240000a8   Data           3  ld3m_ec7010.o(.data)
    dorun                                    0x240000ac   Data           4  main.o(.data)
    cur_mode                                 0x240000b0   Data           3  main.o(.data)
    PHY_TYPE                                 0x240000b4   Data           4  eth.o(.data)
    ETH_CHIP_PHYSCSR                         0x240000b8   Data           2  eth.o(.data)
    ETH_CHIP_SPEED_STATUS                    0x240000ba   Data           2  eth.o(.data)
    ETH_CHIP_DUPLEX_STATUS                   0x240000bc   Data           2  eth.o(.data)
    RecvLength                               0x240000be   Data           1  eth.o(.data)
    current_pbuf_idx                         0x240000c0   Data           4  eth.o(.data)
    linkState                                0x240000c4   Data           4  eth.o(.data)
    phyEvent                                 0x240000c8   Data           4  eth.o(.data)
    sendfinishflag                           0x240000cc   Data           4  eth.o(.data)
    time_s                                   0x240000d8   Data           4  tim.o(.data)
    time_ms                                  0x240000dc   Data           4  tim.o(.data)
    time_us                                  0x240000e0   Data           4  tim.o(.data)
    __stdout                                 0x240000e4   Data           4  usart.o(.data)
    receivedByte                             0x240000e8   Data           1  usart.o(.data)
    n                                        0x240000ea   Data           2  usart.o(.data)
    receivedBuff                             0x240000ec   Data           4  usart.o(.data)
    USART_RX_STA                             0x240000f0   Data           2  usart.o(.data)
    USART_RX_CNT                             0x240000f2   Data           2  usart.o(.data)
    uwTick                                   0x240000f4   Data           4  stm32h7xx_hal.o(.data)
    uwTickPrio                               0x240000f8   Data           4  stm32h7xx_hal.o(.data)
    uwTickFreq                               0x240000fc   Data           1  stm32h7xx_hal.o(.data)
    SystemCoreClock                          0x24000100   Data           4  system_stm32h7xx.o(.data)
    SystemD2Clock                            0x24000104   Data           4  system_stm32h7xx.o(.data)
    mallco_dev                               0x24000108   Data          64  malloc.o(.data)
    sys_cmd_tab                              0x24000148   Data          28  usmart.o(.data)
    usmart_nametab                           0x24000164   Data          56  usmart_config.o(.data)
    usmart_dev                               0x2400019c   Data         244  usmart_config.o(.data)
    ecx_mapt                                 0x24000290   Data          16  ethercatconfig.o(.bss)
    ec_slave                                 0x240002a0   Data       63200  ethercatmain.o(.bss)
    ec_group                                 0x2400f980   Data         592  ethercatmain.o(.bss)
    ecx_port                                 0x24011a28   Data       15284  ethercatmain.o(.bss)
    ecx_redport                              0x240155dc   Data        7656  ethercatmain.o(.bss)
    estring                                  0x240173c4   Data         127  ethercatprint.o(.bss)
    ODlist                                   0x24017444   Data       48132  slaveinfo.o(.bss)
    OElist                                   0x24023048   Data       12290  slaveinfo.o(.bss)
    usdo                                     0x2402604a   Data         128  slaveinfo.o(.bss)
    hstr                                     0x240260ca   Data        1024  slaveinfo.o(.bss)
    key                                      0x240264ca   Data          24  key.o(.bss)
    g_ltdc_handle                            0x240264e4   Data         168  ltdc.o(.bss)
    g_dma2d_handle                           0x2402658c   Data         104  ltdc.o(.bss)
    lcdltdc                                  0x240265f4   Data          32  ltdc.o(.bss)
    g_sram_handle                            0x24026614   Data          76  lcd.o(.bss)
    lcddev                                   0x24026660   Data          14  lcd.o(.bss)
    g_sdram_handle                           0x24026670   Data          52  sdram.o(.bss)
    outputLD3MAll                            0x240266a4   Data          12  ld3m_ec7010.o(.bss)
    inputLD3MAll                             0x240266b0   Data          12  ld3m_ec7010.o(.bss)
    a_cnt                                    0x240266bc   Data          12  ld3m_ec7010.o(.bss)
    IOmap                                    0x240266c8   Data        1024  main.o(.bss)
    cur_pos                                  0x24026ac8   Data          12  main.o(.bss)
    cur_vel                                  0x24026ad4   Data          12  main.o(.bss)
    TxConfig                                 0x24026ae0   Data          52  eth.o(.bss)
    heth                                     0x24026b14   Data         136  eth.o(.bss)
    htim2                                    0x24026b9c   Data          76  tim.o(.bss)
    htim5                                    0x24026be8   Data          76  tim.o(.bss)
    htim7                                    0x24026c34   Data          76  tim.o(.bss)
    huart1                                   0x24026c80   Data         144  usart.o(.bss)
    hdma_usart1_rx                           0x24026d10   Data         120  usart.o(.bss)
    hdma_usart1_tx                           0x24026d88   Data         120  usart.o(.bss)
    g_timx_usmart_handle                     0x24041700   Data          76  usmart_port.o(.bss)
    __libspace_start                         0x2404174c   Data          96  libspace.o(.bss)
    __temporary_stack_top$libspace           0x240417ac   Data           0  libspace.o(.bss)
    DMARxDscrTab                             0x30040000   Data          96  eth.o(.ARM.__AT_0x30040000)
    DMATxDscrTab                             0x30040060   Data          96  eth.o(.ARM.__AT_0x30040060)
    Rx_Buff                                  0x30040200   Data        6112  eth.o(.ARM.__AT_0x30040200)
    Tx_Buff                                  0x30044000   Data        6112  eth.o(.ARM.__AT_0x30044000)
    ltdc_lcd_framebuf                        0xc0000000   Data       2048000  ltdc.o(.ARM.__AT_0xC0000000)



==============================================================================

Memory Map of the image

  Image Entry point : 0x08000299

  Load Region LR_IROM1 (Base: 0x08000000, Size: 0x00023888, Max: 0x00200000, ABSOLUTE, COMPRESSED[0x000236d8])

    Execution Region ER_IROM1 (Exec base: 0x08000000, Load base: 0x08000000, Size: 0x000235f8, Max: 0x00200000, ABSOLUTE)

    Exec Addr    Load Addr    Size         Type   Attr      Idx    E Section Name        Object

    0x08000000   0x08000000   0x00000298   Data   RO            3    RESET               startup_stm32h743xx.o
    0x08000298   0x08000298   0x00000008   Code   RO         9603  * !!!main             c_w.l(__main.o)
    0x080002a0   0x080002a0   0x00000034   Code   RO         9829    !!!scatter          c_w.l(__scatter.o)
    0x080002d4   0x080002d4   0x0000005a   Code   RO         9827    !!dczerorl2         c_w.l(__dczerorl2.o)
    0x0800032e   0x0800032e   0x00000002   PAD
    0x08000330   0x08000330   0x0000001c   Code   RO         9831    !!handler_zi        c_w.l(__scatter_zi.o)
    0x0800034c   0x0800034c   0x00000000   Code   RO         9579    .ARM.Collect$$_printf_percent$$00000000  c_w.l(_printf_percent.o)
    0x0800034c   0x0800034c   0x00000006   Code   RO         9575    .ARM.Collect$$_printf_percent$$00000002  c_w.l(_printf_p.o)
    0x08000352   0x08000352   0x00000006   Code   RO         9578    .ARM.Collect$$_printf_percent$$00000003  c_w.l(_printf_f.o)
    0x08000358   0x08000358   0x0000000a   Code   RO         9629    .ARM.Collect$$_printf_percent$$00000007  c_w.l(_printf_ll.o)
    0x08000362   0x08000362   0x00000006   Code   RO         9576    .ARM.Collect$$_printf_percent$$00000009  c_w.l(_printf_d.o)
    0x08000368   0x08000368   0x00000006   Code   RO         9577    .ARM.Collect$$_printf_percent$$0000000A  c_w.l(_printf_u.o)
    0x0800036e   0x0800036e   0x00000006   Code   RO         9574    .ARM.Collect$$_printf_percent$$0000000C  c_w.l(_printf_x.o)
    0x08000374   0x08000374   0x00000006   Code   RO         9580    .ARM.Collect$$_printf_percent$$0000000E  c_w.l(_printf_lld.o)
    0x0800037a   0x0800037a   0x00000006   Code   RO         9581    .ARM.Collect$$_printf_percent$$0000000F  c_w.l(_printf_llu.o)
    0x08000380   0x08000380   0x00000006   Code   RO         9582    .ARM.Collect$$_printf_percent$$00000011  c_w.l(_printf_llx.o)
    0x08000386   0x08000386   0x00000006   Code   RO         9572    .ARM.Collect$$_printf_percent$$00000013  c_w.l(_printf_c.o)
    0x0800038c   0x0800038c   0x00000006   Code   RO         9573    .ARM.Collect$$_printf_percent$$00000014  c_w.l(_printf_s.o)
    0x08000392   0x08000392   0x00000004   Code   RO         9628    .ARM.Collect$$_printf_percent$$00000017  c_w.l(_printf_percent_end.o)
    0x08000396   0x08000396   0x00000002   Code   RO         9709    .ARM.Collect$$libinit$$00000000  c_w.l(libinit.o)
    0x08000398   0x08000398   0x00000004   Code   RO         9710    .ARM.Collect$$libinit$$00000001  c_w.l(libinit2.o)
    0x0800039c   0x0800039c   0x00000000   Code   RO         9713    .ARM.Collect$$libinit$$00000004  c_w.l(libinit2.o)
    0x0800039c   0x0800039c   0x00000000   Code   RO         9716    .ARM.Collect$$libinit$$0000000A  c_w.l(libinit2.o)
    0x0800039c   0x0800039c   0x00000000   Code   RO         9718    .ARM.Collect$$libinit$$0000000C  c_w.l(libinit2.o)
    0x0800039c   0x0800039c   0x00000000   Code   RO         9720    .ARM.Collect$$libinit$$0000000E  c_w.l(libinit2.o)
    0x0800039c   0x0800039c   0x00000006   Code   RO         9721    .ARM.Collect$$libinit$$0000000F  c_w.l(libinit2.o)
    0x080003a2   0x080003a2   0x00000000   Code   RO         9723    .ARM.Collect$$libinit$$00000011  c_w.l(libinit2.o)
    0x080003a2   0x080003a2   0x00000000   Code   RO         9725    .ARM.Collect$$libinit$$00000013  c_w.l(libinit2.o)
    0x080003a2   0x080003a2   0x00000000   Code   RO         9727    .ARM.Collect$$libinit$$00000015  c_w.l(libinit2.o)
    0x080003a2   0x080003a2   0x0000000a   Code   RO         9728    .ARM.Collect$$libinit$$00000016  c_w.l(libinit2.o)
    0x080003ac   0x080003ac   0x00000000   Code   RO         9729    .ARM.Collect$$libinit$$00000017  c_w.l(libinit2.o)
    0x080003ac   0x080003ac   0x00000000   Code   RO         9731    .ARM.Collect$$libinit$$00000019  c_w.l(libinit2.o)
    0x080003ac   0x080003ac   0x00000000   Code   RO         9733    .ARM.Collect$$libinit$$0000001B  c_w.l(libinit2.o)
    0x080003ac   0x080003ac   0x00000000   Code   RO         9735    .ARM.Collect$$libinit$$0000001D  c_w.l(libinit2.o)
    0x080003ac   0x080003ac   0x00000000   Code   RO         9737    .ARM.Collect$$libinit$$0000001F  c_w.l(libinit2.o)
    0x080003ac   0x080003ac   0x00000000   Code   RO         9739    .ARM.Collect$$libinit$$00000021  c_w.l(libinit2.o)
    0x080003ac   0x080003ac   0x00000000   Code   RO         9741    .ARM.Collect$$libinit$$00000023  c_w.l(libinit2.o)
    0x080003ac   0x080003ac   0x00000000   Code   RO         9743    .ARM.Collect$$libinit$$00000025  c_w.l(libinit2.o)
    0x080003ac   0x080003ac   0x00000000   Code   RO         9747    .ARM.Collect$$libinit$$0000002C  c_w.l(libinit2.o)
    0x080003ac   0x080003ac   0x00000000   Code   RO         9749    .ARM.Collect$$libinit$$0000002E  c_w.l(libinit2.o)
    0x080003ac   0x080003ac   0x00000000   Code   RO         9751    .ARM.Collect$$libinit$$00000030  c_w.l(libinit2.o)
    0x080003ac   0x080003ac   0x00000000   Code   RO         9753    .ARM.Collect$$libinit$$00000032  c_w.l(libinit2.o)
    0x080003ac   0x080003ac   0x00000002   Code   RO         9754    .ARM.Collect$$libinit$$00000033  c_w.l(libinit2.o)
    0x080003ae   0x080003ae   0x00000002   Code   RO         9792    .ARM.Collect$$libshutdown$$00000000  c_w.l(libshutdown.o)
    0x080003b0   0x080003b0   0x00000000   Code   RO         9810    .ARM.Collect$$libshutdown$$00000002  c_w.l(libshutdown2.o)
    0x080003b0   0x080003b0   0x00000000   Code   RO         9812    .ARM.Collect$$libshutdown$$00000004  c_w.l(libshutdown2.o)
    0x080003b0   0x080003b0   0x00000000   Code   RO         9815    .ARM.Collect$$libshutdown$$00000007  c_w.l(libshutdown2.o)
    0x080003b0   0x080003b0   0x00000000   Code   RO         9818    .ARM.Collect$$libshutdown$$0000000A  c_w.l(libshutdown2.o)
    0x080003b0   0x080003b0   0x00000000   Code   RO         9820    .ARM.Collect$$libshutdown$$0000000C  c_w.l(libshutdown2.o)
    0x080003b0   0x080003b0   0x00000000   Code   RO         9823    .ARM.Collect$$libshutdown$$0000000F  c_w.l(libshutdown2.o)
    0x080003b0   0x080003b0   0x00000002   Code   RO         9824    .ARM.Collect$$libshutdown$$00000010  c_w.l(libshutdown2.o)
    0x080003b2   0x080003b2   0x00000000   Code   RO         9609    .ARM.Collect$$rtentry$$00000000  c_w.l(__rtentry.o)
    0x080003b2   0x080003b2   0x00000000   Code   RO         9631    .ARM.Collect$$rtentry$$00000002  c_w.l(__rtentry2.o)
    0x080003b2   0x080003b2   0x00000006   Code   RO         9643    .ARM.Collect$$rtentry$$00000004  c_w.l(__rtentry4.o)
    0x080003b8   0x080003b8   0x00000000   Code   RO         9633    .ARM.Collect$$rtentry$$00000009  c_w.l(__rtentry2.o)
    0x080003b8   0x080003b8   0x00000004   Code   RO         9634    .ARM.Collect$$rtentry$$0000000A  c_w.l(__rtentry2.o)
    0x080003bc   0x080003bc   0x00000000   Code   RO         9636    .ARM.Collect$$rtentry$$0000000C  c_w.l(__rtentry2.o)
    0x080003bc   0x080003bc   0x00000008   Code   RO         9637    .ARM.Collect$$rtentry$$0000000D  c_w.l(__rtentry2.o)
    0x080003c4   0x080003c4   0x00000002   Code   RO         9755    .ARM.Collect$$rtexit$$00000000  c_w.l(rtexit.o)
    0x080003c6   0x080003c6   0x00000000   Code   RO         9768    .ARM.Collect$$rtexit$$00000002  c_w.l(rtexit2.o)
    0x080003c6   0x080003c6   0x00000004   Code   RO         9769    .ARM.Collect$$rtexit$$00000003  c_w.l(rtexit2.o)
    0x080003ca   0x080003ca   0x00000006   Code   RO         9770    .ARM.Collect$$rtexit$$00000004  c_w.l(rtexit2.o)
    0x080003d0   0x080003d0   0x00000040   Code   RO            4    .text               startup_stm32h743xx.o
    0x08000410   0x08000410   0x00000002   Code   RO         9507    .text               c_w.l(use_no_semi_2.o)
    0x08000412   0x08000412   0x000000ee   Code   RO         9509    .text               c_w.l(lludivv7m.o)
    0x08000500   0x08000500   0x00000048   Code   RO         9511    .text               c_w.l(llsdiv.o)
    0x08000548   0x08000548   0x00000018   Code   RO         9517    .text               c_w.l(noretval__2printf.o)
    0x08000560   0x08000560   0x00000028   Code   RO         9519    .text               c_w.l(noretval__2sprintf.o)
    0x08000588   0x08000588   0x0000004e   Code   RO         9523    .text               c_w.l(_printf_pad.o)
    0x080005d6   0x080005d6   0x00000052   Code   RO         9525    .text               c_w.l(_printf_str.o)
    0x08000628   0x08000628   0x00000078   Code   RO         9527    .text               c_w.l(_printf_dec.o)
    0x080006a0   0x080006a0   0x0000007c   Code   RO         9529    .text               c_w.l(_printf_longlong_dec.o)
    0x0800071c   0x0800071c   0x00000094   Code   RO         9549    .text               c_w.l(_printf_hex_int_ll_ptr.o)
    0x080007b0   0x080007b0   0x00000188   Code   RO         9569    .text               c_w.l(__printf_flags_ss_wp.o)
    0x08000938   0x08000938   0x00000048   Code   RO         9583    .text               c_w.l(strcpy.o)
    0x08000980   0x08000980   0x00000018   Code   RO         9587    .text               c_w.l(strcat.o)
    0x08000998   0x08000998   0x0000008a   Code   RO         9589    .text               c_w.l(rt_memcpy_v6.o)
    0x08000a22   0x08000a22   0x00000064   Code   RO         9591    .text               c_w.l(rt_memcpy_w.o)
    0x08000a86   0x08000a86   0x00000044   Code   RO         9593    .text               c_w.l(rt_memclr.o)
    0x08000aca   0x08000aca   0x0000004e   Code   RO         9595    .text               c_w.l(rt_memclr_w.o)
    0x08000b18   0x08000b18   0x00000056   Code   RO         9597    .text               c_w.l(strncpy.o)
    0x08000b6e   0x08000b6e   0x00000002   PAD
    0x08000b70   0x08000b70   0x00000068   Code   RO         9599    .text               c_w.l(strcmpv7m_pel.o)
    0x08000bd8   0x08000bd8   0x00000006   Code   RO         9601    .text               c_w.l(heapauxi.o)
    0x08000bde   0x08000bde   0x00000002   Code   RO         9607    .text               c_w.l(use_no_semi.o)
    0x08000be0   0x08000be0   0x0000008a   Code   RO         9614    .text               c_w.l(lludiv10.o)
    0x08000c6a   0x08000c6a   0x000000b2   Code   RO         9616    .text               c_w.l(_printf_intcommon.o)
    0x08000d1c   0x08000d1c   0x0000041e   Code   RO         9618    .text               c_w.l(_printf_fp_dec.o)
    0x0800113a   0x0800113a   0x00000002   PAD
    0x0800113c   0x0800113c   0x00000030   Code   RO         9620    .text               c_w.l(_printf_char_common.o)
    0x0800116c   0x0800116c   0x0000000a   Code   RO         9622    .text               c_w.l(_sputc.o)
    0x08001176   0x08001176   0x0000002c   Code   RO         9624    .text               c_w.l(_printf_char.o)
    0x080011a2   0x080011a2   0x00000002   PAD
    0x080011a4   0x080011a4   0x00000024   Code   RO         9626    .text               c_w.l(_printf_char_file.o)
    0x080011c8   0x080011c8   0x00000008   Code   RO         9650    .text               c_w.l(rt_locale_intlibspace.o)
    0x080011d0   0x080011d0   0x00000080   Code   RO         9652    .text               c_w.l(_printf_fp_infnan.o)
    0x08001250   0x08001250   0x000000e4   Code   RO         9656    .text               c_w.l(bigflt0.o)
    0x08001334   0x08001334   0x00000008   Code   RO         9681    .text               c_w.l(ferror.o)
    0x0800133c   0x0800133c   0x00000008   Code   RO         9693    .text               c_w.l(libspace.o)
    0x08001344   0x08001344   0x0000004a   Code   RO         9696    .text               c_w.l(sys_stackheap_outer.o)
    0x0800138e   0x0800138e   0x00000012   Code   RO         9698    .text               c_w.l(exit.o)
    0x080013a0   0x080013a0   0x0000003e   Code   RO         9659    CL$$btod_d2e        c_w.l(btod.o)
    0x080013de   0x080013de   0x00000046   Code   RO         9661    CL$$btod_d2e_denorm_low  c_w.l(btod.o)
    0x08001424   0x08001424   0x00000060   Code   RO         9660    CL$$btod_d2e_norm_op1  c_w.l(btod.o)
    0x08001484   0x08001484   0x00000338   Code   RO         9669    CL$$btod_div_common  c_w.l(btod.o)
    0x080017bc   0x080017bc   0x000000dc   Code   RO         9666    CL$$btod_e2e        c_w.l(btod.o)
    0x08001898   0x08001898   0x0000002a   Code   RO         9663    CL$$btod_ediv       c_w.l(btod.o)
    0x080018c2   0x080018c2   0x0000002a   Code   RO         9662    CL$$btod_emul       c_w.l(btod.o)
    0x080018ec   0x080018ec   0x00000244   Code   RO         9668    CL$$btod_mult_common  c_w.l(btod.o)
    0x08001b30   0x08001b30   0x00000004   Code   RO         3785    i.BusFault_Handler  stm32h7xx_it.o
    0x08001b34   0x08001b34   0x00000010   Code   RO         3786    i.DMA1_Stream0_IRQHandler  stm32h7xx_it.o
    0x08001b44   0x08001b44   0x00000010   Code   RO         3787    i.DMA1_Stream1_IRQHandler  stm32h7xx_it.o
    0x08001b54   0x08001b54   0x000000ec   Code   RO         4787    i.DMA_CalcBaseAndBitshift  stm32h7xx_hal_dma.o
    0x08001c40   0x08001c40   0x000000c4   Code   RO         4788    i.DMA_CalcDMAMUXChannelBaseAndMask  stm32h7xx_hal_dma.o
    0x08001d04   0x08001d04   0x00000098   Code   RO         4789    i.DMA_CalcDMAMUXRequestGenBaseAndMask  stm32h7xx_hal_dma.o
    0x08001d9c   0x08001d9c   0x000000ae   Code   RO         4790    i.DMA_CheckFifoParam  stm32h7xx_hal_dma.o
    0x08001e4a   0x08001e4a   0x00000002   PAD
    0x08001e4c   0x08001e4c   0x00000274   Code   RO         4791    i.DMA_SetConfig     stm32h7xx_hal_dma.o
    0x080020c0   0x080020c0   0x00000002   Code   RO         3788    i.DebugMon_Handler  stm32h7xx_it.o
    0x080020c2   0x080020c2   0x0000004a   Code   RO         3582    i.Delay_us          tim.o
    0x0800210c   0x0800210c   0x00000060   Code   RO         6394    i.ETH_DMARxDescListInit  stm32h7xx_hal_eth.o
    0x0800216c   0x0800216c   0x00000052   Code   RO         6395    i.ETH_DMATxDescListInit  stm32h7xx_hal_eth.o
    0x080021be   0x080021be   0x00000002   PAD
    0x080021c0   0x080021c0   0x00000010   Code   RO         3789    i.ETH_IRQHandler    stm32h7xx_it.o
    0x080021d0   0x080021d0   0x00000106   Code   RO         6396    i.ETH_MACDMAConfig  stm32h7xx_hal_eth.o
    0x080022d6   0x080022d6   0x00000002   PAD
    0x080022d8   0x080022d8   0x00000078   Code   RO         6397    i.ETH_MAC_MDIO_ClkConfig  stm32h7xx_hal_eth.o
    0x08002350   0x08002350   0x00000380   Code   RO         6398    i.ETH_Prepare_Tx_Descriptors  stm32h7xx_hal_eth.o
    0x080026d0   0x080026d0   0x000000bc   Code   RO         6399    i.ETH_SetDMAConfig  stm32h7xx_hal_eth.o
    0x0800278c   0x0800278c   0x00000194   Code   RO         6400    i.ETH_SetMACConfig  stm32h7xx_hal_eth.o
    0x08002920   0x08002920   0x00000006   Code   RO         3291    i.Error_Handler     main.o
    0x08002926   0x08002926   0x00000002   PAD
    0x08002928   0x08002928   0x00000044   Code   RO         8427    i.FMC_NORSRAM_Extended_Timing_Init  stm32h7xx_ll_fmc.o
    0x0800296c   0x0800296c   0x000000a4   Code   RO         8428    i.FMC_NORSRAM_Init  stm32h7xx_ll_fmc.o
    0x08002a10   0x08002a10   0x00000066   Code   RO         8429    i.FMC_NORSRAM_Timing_Init  stm32h7xx_ll_fmc.o
    0x08002a76   0x08002a76   0x0000006c   Code   RO         8434    i.FMC_SDRAM_Init    stm32h7xx_ll_fmc.o
    0x08002ae2   0x08002ae2   0x00000014   Code   RO         8435    i.FMC_SDRAM_ProgramRefreshRate  stm32h7xx_ll_fmc.o
    0x08002af6   0x08002af6   0x00000026   Code   RO         8436    i.FMC_SDRAM_SendCommand  stm32h7xx_ll_fmc.o
    0x08002b1c   0x08002b1c   0x00000094   Code   RO         8438    i.FMC_SDRAM_Timing_Init  stm32h7xx_ll_fmc.o
    0x08002bb0   0x08002bb0   0x0000000c   Code   RO         3583    i.GetSec            tim.o
    0x08002bbc   0x08002bbc   0x00000024   Code   RO         3584    i.GetUSec           tim.o
    0x08002be0   0x08002be0   0x000004dc   Code   RO         4792    i.HAL_DMA_Abort     stm32h7xx_hal_dma.o
    0x080030bc   0x080030bc   0x00000398   Code   RO         4793    i.HAL_DMA_Abort_IT  stm32h7xx_hal_dma.o
    0x08003454   0x08003454   0x00000006   Code   RO         4795    i.HAL_DMA_GetError  stm32h7xx_hal_dma.o
    0x0800345a   0x0800345a   0x00000002   PAD
    0x0800345c   0x0800345c   0x00000af8   Code   RO         4797    i.HAL_DMA_IRQHandler  stm32h7xx_hal_dma.o
    0x08003f54   0x08003f54   0x00000520   Code   RO         4798    i.HAL_DMA_Init      stm32h7xx_hal_dma.o
    0x08004474   0x08004474   0x000003e0   Code   RO         4802    i.HAL_DMA_Start_IT  stm32h7xx_hal_dma.o
    0x08004854   0x08004854   0x00000028   Code   RO         5501    i.HAL_Delay         stm32h7xx_hal.o
    0x0800487c   0x0800487c   0x00000082   Code   RO         6401    i.HAL_ETH_BuildRxDescriptors  stm32h7xx_hal_eth.o
    0x080048fe   0x080048fe   0x00000002   Code   RO         6402    i.HAL_ETH_DMAErrorCallback  stm32h7xx_hal_eth.o
    0x08004900   0x08004900   0x00000040   Code   RO         6404    i.HAL_ETH_DescAssignMemory  stm32h7xx_hal_eth.o
    0x08004940   0x08004940   0x00000002   Code   RO         6405    i.HAL_ETH_EEECallback  stm32h7xx_hal_eth.o
    0x08004942   0x08004942   0x000001d6   Code   RO         6411    i.HAL_ETH_GetMACConfig  stm32h7xx_hal_eth.o
    0x08004b18   0x08004b18   0x0000007c   Code   RO         6413    i.HAL_ETH_GetMACFilterConfig  stm32h7xx_hal_eth.o
    0x08004b94   0x08004b94   0x000000c0   Code   RO         6415    i.HAL_ETH_GetRxDataBuffer  stm32h7xx_hal_eth.o
    0x08004c54   0x08004c54   0x00000040   Code   RO         6417    i.HAL_ETH_GetRxDataLength  stm32h7xx_hal_eth.o
    0x08004c94   0x08004c94   0x0000019c   Code   RO         6419    i.HAL_ETH_IRQHandler  stm32h7xx_hal_eth.o
    0x08004e30   0x08004e30   0x00000150   Code   RO         6420    i.HAL_ETH_Init      stm32h7xx_hal_eth.o
    0x08004f80   0x08004f80   0x00000112   Code   RO         6421    i.HAL_ETH_IsRxDataAvailable  stm32h7xx_hal_eth.o
    0x08005092   0x08005092   0x00000002   Code   RO         6422    i.HAL_ETH_MACErrorCallback  stm32h7xx_hal_eth.o
    0x08005094   0x08005094   0x0000017c   Code   RO         3410    i.HAL_ETH_MspInit   eth.o
    0x08005210   0x08005210   0x00000002   Code   RO         6425    i.HAL_ETH_PMTCallback  stm32h7xx_hal_eth.o
    0x08005212   0x08005212   0x00000078   Code   RO         6426    i.HAL_ETH_ReadPHYRegister  stm32h7xx_hal_eth.o
    0x0800528a   0x0800528a   0x00000008   Code   RO         3411    i.HAL_ETH_RxCpltCallback  eth.o
    0x08005292   0x08005292   0x00000022   Code   RO         6430    i.HAL_ETH_SetMACConfig  stm32h7xx_hal_eth.o
    0x080052b4   0x080052b4   0x00000068   Code   RO         6431    i.HAL_ETH_SetMACFilterConfig  stm32h7xx_hal_eth.o
    0x0800531c   0x0800531c   0x00000078   Code   RO         6432    i.HAL_ETH_SetMDIOClockRange  stm32h7xx_hal_eth.o
    0x08005394   0x08005394   0x000000c6   Code   RO         6437    i.HAL_ETH_Start_IT  stm32h7xx_hal_eth.o
    0x0800545a   0x0800545a   0x000000d2   Code   RO         6440    i.HAL_ETH_Transmit  stm32h7xx_hal_eth.o
    0x0800552c   0x0800552c   0x0000000c   Code   RO         3412    i.HAL_ETH_TxCpltCallback  eth.o
    0x08005538   0x08005538   0x00000002   Code   RO         6443    i.HAL_ETH_WakeUpCallback  stm32h7xx_hal_eth.o
    0x0800553a   0x0800553a   0x00000002   PAD
    0x0800553c   0x0800553c   0x00000208   Code   RO         4640    i.HAL_GPIO_Init     stm32h7xx_hal_gpio.o
    0x08005744   0x08005744   0x00000010   Code   RO         4642    i.HAL_GPIO_ReadPin  stm32h7xx_hal_gpio.o
    0x08005754   0x08005754   0x00000014   Code   RO         4643    i.HAL_GPIO_TogglePin  stm32h7xx_hal_gpio.o
    0x08005768   0x08005768   0x0000000c   Code   RO         4644    i.HAL_GPIO_WritePin  stm32h7xx_hal_gpio.o
    0x08005774   0x08005774   0x0000000c   Code   RO         5512    i.HAL_GetREVID      stm32h7xx_hal.o
    0x08005780   0x08005780   0x0000000c   Code   RO         5513    i.HAL_GetTick       stm32h7xx_hal.o
    0x0800578c   0x0800578c   0x00000018   Code   RO         5519    i.HAL_IncTick       stm32h7xx_hal.o
    0x080057a4   0x080057a4   0x00000060   Code   RO         5520    i.HAL_Init          stm32h7xx_hal.o
    0x08005804   0x08005804   0x00000058   Code   RO         5521    i.HAL_InitTick      stm32h7xx_hal.o
    0x0800585c   0x0800585c   0x0000005e   Code   RO         8878    i.HAL_LTDC_ConfigLayer  stm32h7xx_hal_ltdc.o
    0x080058ba   0x080058ba   0x00000002   PAD
    0x080058bc   0x080058bc   0x00000118   Code   RO         8895    i.HAL_LTDC_Init     stm32h7xx_hal_ltdc.o
    0x080059d4   0x080059d4   0x00000198   Code   RO         2340    i.HAL_LTDC_MspInit  ltdc.o
    0x08005b6c   0x08005b6c   0x0000006c   Code   RO         8910    i.HAL_LTDC_SetWindowPosition  stm32h7xx_hal_ltdc.o
    0x08005bd8   0x08005bd8   0x0000006c   Code   RO         8912    i.HAL_LTDC_SetWindowSize  stm32h7xx_hal_ltdc.o
    0x08005c44   0x08005c44   0x0000005c   Code   RO         3930    i.HAL_MPU_ConfigRegion  stm32h7xx_hal_cortex.o
    0x08005ca0   0x08005ca0   0x0000002c   Code   RO         3931    i.HAL_MPU_Disable   stm32h7xx_hal_cortex.o
    0x08005ccc   0x08005ccc   0x00000040   Code   RO         3932    i.HAL_MPU_Enable    stm32h7xx_hal_cortex.o
    0x08005d0c   0x08005d0c   0x00000024   Code   RO         3905    i.HAL_MspInit       stm32h7xx_hal_msp.o
    0x08005d30   0x08005d30   0x00000028   Code   RO         3935    i.HAL_NVIC_EnableIRQ  stm32h7xx_hal_cortex.o
    0x08005d58   0x08005d58   0x0000007a   Code   RO         3941    i.HAL_NVIC_SetPriority  stm32h7xx_hal_cortex.o
    0x08005dd2   0x08005dd2   0x00000002   PAD
    0x08005dd4   0x08005dd4   0x00000028   Code   RO         3942    i.HAL_NVIC_SetPriorityGrouping  stm32h7xx_hal_cortex.o
    0x08005dfc   0x08005dfc   0x00000060   Code   RO         5241    i.HAL_PWREx_ConfigSupply  stm32h7xx_hal_pwr_ex.o
    0x08005e5c   0x08005e5c   0x00000024   Code   RO         4191    i.HAL_RCCEx_GetD3PCLK1Freq  stm32h7xx_hal_rcc_ex.o
    0x08005e80   0x08005e80   0x00000230   Code   RO         4193    i.HAL_RCCEx_GetPLL2ClockFreq  stm32h7xx_hal_rcc_ex.o
    0x080060b0   0x080060b0   0x00000230   Code   RO         4194    i.HAL_RCCEx_GetPLL3ClockFreq  stm32h7xx_hal_rcc_ex.o
    0x080062e0   0x080062e0   0x00000b64   Code   RO         4200    i.HAL_RCCEx_PeriphCLKConfig  stm32h7xx_hal_rcc_ex.o
    0x08006e44   0x08006e44   0x00000320   Code   RO         4076    i.HAL_RCC_ClockConfig  stm32h7xx_hal_rcc.o
    0x08007164   0x08007164   0x0000004c   Code   RO         4081    i.HAL_RCC_GetHCLKFreq  stm32h7xx_hal_rcc.o
    0x080071b0   0x080071b0   0x00000024   Code   RO         4083    i.HAL_RCC_GetPCLK1Freq  stm32h7xx_hal_rcc.o
    0x080071d4   0x080071d4   0x00000024   Code   RO         4084    i.HAL_RCC_GetPCLK2Freq  stm32h7xx_hal_rcc.o
    0x080071f8   0x080071f8   0x0000022c   Code   RO         4085    i.HAL_RCC_GetSysClockFreq  stm32h7xx_hal_rcc.o
    0x08007424   0x08007424   0x000007e4   Code   RO         4088    i.HAL_RCC_OscConfig  stm32h7xx_hal_rcc.o
    0x08007c08   0x08007c08   0x00000050   Code   RO         8575    i.HAL_SDRAM_Init    stm32h7xx_hal_sdram.o
    0x08007c58   0x08007c58   0x0000011c   Code   RO         2789    i.HAL_SDRAM_MspInit  sdram.o
    0x08007d74   0x08007d74   0x00000036   Code   RO         8578    i.HAL_SDRAM_ProgramRefreshRate  stm32h7xx_hal_sdram.o
    0x08007daa   0x08007daa   0x0000004e   Code   RO         8584    i.HAL_SDRAM_SendCommand  stm32h7xx_hal_sdram.o
    0x08007df8   0x08007df8   0x00000070   Code   RO         8744    i.HAL_SRAM_Init     stm32h7xx_hal_sram.o
    0x08007e68   0x08007e68   0x00000098   Code   RO         2459    i.HAL_SRAM_MspInit  lcd.o
    0x08007f00   0x08007f00   0x00000014   Code   RO         5532    i.HAL_SYSCFG_ETHInterfaceSelect  stm32h7xx_hal.o
    0x08007f14   0x08007f14   0x00000034   Code   RO         3946    i.HAL_SYSTICK_Config  stm32h7xx_hal_cortex.o
    0x08007f48   0x08007f48   0x00000002   Code   RO         7580    i.HAL_TIMEx_Break2Callback  stm32h7xx_hal_tim_ex.o
    0x08007f4a   0x08007f4a   0x00000002   Code   RO         7581    i.HAL_TIMEx_BreakCallback  stm32h7xx_hal_tim_ex.o
    0x08007f4c   0x08007f4c   0x00000002   Code   RO         7582    i.HAL_TIMEx_CommutCallback  stm32h7xx_hal_tim_ex.o
    0x08007f4e   0x08007f4e   0x00000002   PAD
    0x08007f50   0x08007f50   0x000000c0   Code   RO         7602    i.HAL_TIMEx_MasterConfigSynchronization  stm32h7xx_hal_tim_ex.o
    0x08008010   0x08008010   0x0000006e   Code   RO         6855    i.HAL_TIM_Base_Init  stm32h7xx_hal_tim.o
    0x0800807e   0x0800807e   0x00000002   PAD
    0x08008080   0x08008080   0x000000b4   Code   RO         3586    i.HAL_TIM_Base_MspInit  tim.o
    0x08008134   0x08008134   0x000000a8   Code   RO         6860    i.HAL_TIM_Base_Start_IT  stm32h7xx_hal_tim.o
    0x080081dc   0x080081dc   0x00000130   Code   RO         6864    i.HAL_TIM_ConfigClockSource  stm32h7xx_hal_tim.o
    0x0800830c   0x0800830c   0x00000002   Code   RO         6889    i.HAL_TIM_IC_CaptureCallback  stm32h7xx_hal_tim.o
    0x0800830e   0x0800830e   0x000001b8   Code   RO         6903    i.HAL_TIM_IRQHandler  stm32h7xx_hal_tim.o
    0x080084c6   0x080084c6   0x00000002   Code   RO         6906    i.HAL_TIM_OC_DelayElapsedCallback  stm32h7xx_hal_tim.o
    0x080084c8   0x080084c8   0x00000002   Code   RO         6933    i.HAL_TIM_PWM_PulseFinishedCallback  stm32h7xx_hal_tim.o
    0x080084ca   0x080084ca   0x00000002   PAD
    0x080084cc   0x080084cc   0x000000a0   Code   RO         3587    i.HAL_TIM_PeriodElapsedCallback  tim.o
    0x0800856c   0x0800856c   0x00000002   Code   RO         6946    i.HAL_TIM_TriggerCallback  stm32h7xx_hal_tim.o
    0x0800856e   0x0800856e   0x0000004e   Code   RO         8302    i.HAL_UARTEx_DisableFifoMode  stm32h7xx_hal_uart_ex.o
    0x080085bc   0x080085bc   0x00000066   Code   RO         8307    i.HAL_UARTEx_ReceiveToIdle_DMA  stm32h7xx_hal_uart_ex.o
    0x08008622   0x08008622   0x00000002   Code   RO         7880    i.HAL_UARTEx_RxEventCallback  stm32h7xx_hal_uart.o
    0x08008624   0x08008624   0x00000002   Code   RO         8309    i.HAL_UARTEx_RxFifoFullCallback  stm32h7xx_hal_uart_ex.o
    0x08008626   0x08008626   0x0000005e   Code   RO         8310    i.HAL_UARTEx_SetRxFifoThreshold  stm32h7xx_hal_uart_ex.o
    0x08008684   0x08008684   0x0000005e   Code   RO         8311    i.HAL_UARTEx_SetTxFifoThreshold  stm32h7xx_hal_uart_ex.o
    0x080086e2   0x080086e2   0x00000002   Code   RO         8313    i.HAL_UARTEx_TxFifoEmptyCallback  stm32h7xx_hal_uart_ex.o
    0x080086e4   0x080086e4   0x00000002   Code   RO         8314    i.HAL_UARTEx_WakeupCallback  stm32h7xx_hal_uart_ex.o
    0x080086e6   0x080086e6   0x00000094   Code   RO         7892    i.HAL_UART_DMAStop  stm32h7xx_hal_uart.o
    0x0800877a   0x0800877a   0x00000002   PAD
    0x0800877c   0x0800877c   0x00000074   Code   RO         3666    i.HAL_UART_ErrorCallback  usart.o
    0x080087f0   0x080087f0   0x00000008   Code   RO         7897    i.HAL_UART_GetError  stm32h7xx_hal_uart.o
    0x080087f8   0x080087f8   0x00000408   Code   RO         7899    i.HAL_UART_IRQHandler  stm32h7xx_hal_uart.o
    0x08008c00   0x08008c00   0x00000038   Code   RO         3667    i.HAL_UART_IdleCpltCallback  usart.o
    0x08008c38   0x08008c38   0x00000078   Code   RO         7901    i.HAL_UART_Init     stm32h7xx_hal_uart.o
    0x08008cb0   0x08008cb0   0x0000012c   Code   RO         3669    i.HAL_UART_MspInit  usart.o
    0x08008ddc   0x08008ddc   0x00000064   Code   RO         7905    i.HAL_UART_Receive_DMA  stm32h7xx_hal_uart.o
    0x08008e40   0x08008e40   0x00000064   Code   RO         7906    i.HAL_UART_Receive_IT  stm32h7xx_hal_uart.o
    0x08008ea4   0x08008ea4   0x00000002   Code   RO         7908    i.HAL_UART_RxCpltCallback  stm32h7xx_hal_uart.o
    0x08008ea6   0x08008ea6   0x00000002   Code   RO         7909    i.HAL_UART_RxHalfCpltCallback  stm32h7xx_hal_uart.o
    0x08008ea8   0x08008ea8   0x00000002   Code   RO         7913    i.HAL_UART_TxCpltCallback  stm32h7xx_hal_uart.o
    0x08008eaa   0x08008eaa   0x00000004   Code   RO         3790    i.HardFault_Handler  stm32h7xx_it.o
    0x08008eae   0x08008eae   0x00000002   PAD
    0x08008eb0   0x08008eb0   0x000001a0   Code   RO         3242    i.LD3M_loop         ld3m_ec7010.o
    0x08009050   0x08009050   0x00000274   Code   RO         3243    i.LD3M_setup        ld3m_ec7010.o
    0x080092c4   0x080092c4   0x00000a74   Code   RO         3244    i.LD3M_test         ld3m_ec7010.o
    0x08009d38   0x08009d38   0x00000210   Code   RO         8914    i.LTDC_SetConfig    stm32h7xx_hal_ltdc.o
    0x08009f48   0x08009f48   0x00000084   Code   RO         3292    i.MPU_Config        main.o
    0x08009fcc   0x08009fcc   0x00000044   Code   RO         3385    i.MX_DMA_Init       dma.o
    0x0800a010   0x0800a010   0x000000bc   Code   RO         3413    i.MX_ETH_Init       eth.o
    0x0800a0cc   0x0800a0cc   0x000000c8   Code   RO         3361    i.MX_GPIO_Init      gpio.o
    0x0800a194   0x0800a194   0x00000070   Code   RO         3588    i.MX_TIM2_Init      tim.o
    0x0800a204   0x0800a204   0x00000070   Code   RO         3589    i.MX_TIM5_Init      tim.o
    0x0800a274   0x0800a274   0x0000004c   Code   RO         3590    i.MX_TIM7_Init      tim.o
    0x0800a2c0   0x0800a2c0   0x0000006c   Code   RO         3670    i.MX_USART1_UART_Init  usart.o
    0x0800a32c   0x0800a32c   0x00000004   Code   RO         3791    i.MemManage_Handler  stm32h7xx_it.o
    0x0800a330   0x0800a330   0x00000054   Code   RO         3414    i.NETMPU_Config     eth.o
    0x0800a384   0x0800a384   0x00000004   Code   RO         3792    i.NMI_Handler       stm32h7xx_it.o
    0x0800a388   0x0800a388   0x00000002   Code   RO         3793    i.PendSV_Handler    stm32h7xx_it.o
    0x0800a38a   0x0800a38a   0x00000002   PAD
    0x0800a38c   0x0800a38c   0x00000224   Code   RO         3415    i.PhyEventHandler   eth.o
    0x0800a5b0   0x0800a5b0   0x0000013c   Code   RO         3416    i.PhyReset          eth.o
    0x0800a6ec   0x0800a6ec   0x00000088   Code   RO         3417    i.PhyTick           eth.o
    0x0800a774   0x0800a774   0x00000164   Code   RO         4203    i.RCCEx_PLL2_Config  stm32h7xx_hal_rcc_ex.o
    0x0800a8d8   0x0800a8d8   0x00000164   Code   RO         4204    i.RCCEx_PLL3_Config  stm32h7xx_hal_rcc_ex.o
    0x0800aa3c   0x0800aa3c   0x000002b8   Code   RO         2076    i.SDO2string        slaveinfo.o
    0x0800acf4   0x0800acf4   0x00000002   Code   RO         3794    i.SVC_Handler       stm32h7xx_it.o
    0x0800acf6   0x0800acf6   0x00000002   PAD
    0x0800acf8   0x0800acf8   0x00000038   Code   RO         3671    i.StartReceiving    usart.o
    0x0800ad30   0x0800ad30   0x00000008   Code   RO         3795    i.SysTick_Handler   stm32h7xx_it.o
    0x0800ad38   0x0800ad38   0x00000134   Code   RO         3293    i.SystemClock_Config  main.o
    0x0800ae6c   0x0800ae6c   0x00000104   Code   RO         9133    i.SystemInit        system_stm32h7xx.o
    0x0800af70   0x0800af70   0x00000010   Code   RO         3796    i.TIM2_IRQHandler   stm32h7xx_it.o
    0x0800af80   0x0800af80   0x00000044   Code   RO         9365    i.TIM4_IRQHandler   usmart_port.o
    0x0800afc4   0x0800afc4   0x00000010   Code   RO         3797    i.TIM5_IRQHandler   stm32h7xx_it.o
    0x0800afd4   0x0800afd4   0x000000cc   Code   RO         6948    i.TIM_Base_SetConfig  stm32h7xx_hal_tim.o
    0x0800b0a0   0x0800b0a0   0x00000016   Code   RO         6959    i.TIM_ETR_SetConfig  stm32h7xx_hal_tim.o
    0x0800b0b6   0x0800b0b6   0x00000002   PAD
    0x0800b0b8   0x0800b0b8   0x00000018   Code   RO         6960    i.TIM_ITRx_SetConfig  stm32h7xx_hal_tim.o
    0x0800b0d0   0x0800b0d0   0x00000026   Code   RO         6968    i.TIM_TI1_ConfigInputStage  stm32h7xx_hal_tim.o
    0x0800b0f6   0x0800b0f6   0x00000028   Code   RO         6970    i.TIM_TI2_ConfigInputStage  stm32h7xx_hal_tim.o
    0x0800b11e   0x0800b11e   0x00000002   PAD
    0x0800b120   0x0800b120   0x00000058   Code   RO         8315    i.UARTEx_SetNbDataToProcess  stm32h7xx_hal_uart_ex.o
    0x0800b178   0x0800b178   0x000000f8   Code   RO         7915    i.UART_AdvFeatureConfig  stm32h7xx_hal_uart.o
    0x0800b270   0x0800b270   0x00000076   Code   RO         7916    i.UART_CheckIdleState  stm32h7xx_hal_uart.o
    0x0800b2e6   0x0800b2e6   0x00000018   Code   RO         7917    i.UART_DMAAbortOnError  stm32h7xx_hal_uart.o
    0x0800b2fe   0x0800b2fe   0x0000005e   Code   RO         7918    i.UART_DMAError     stm32h7xx_hal_uart.o
    0x0800b35c   0x0800b35c   0x0000006a   Code   RO         7919    i.UART_DMAReceiveCplt  stm32h7xx_hal_uart.o
    0x0800b3c6   0x0800b3c6   0x00000022   Code   RO         7921    i.UART_DMARxHalfCplt  stm32h7xx_hal_uart.o
    0x0800b3e8   0x0800b3e8   0x0000003c   Code   RO         7927    i.UART_EndRxTransfer  stm32h7xx_hal_uart.o
    0x0800b424   0x0800b424   0x00000022   Code   RO         7928    i.UART_EndTransmit_IT  stm32h7xx_hal_uart.o
    0x0800b446   0x0800b446   0x00000020   Code   RO         7929    i.UART_EndTxTransfer  stm32h7xx_hal_uart.o
    0x0800b466   0x0800b466   0x00000092   Code   RO         7930    i.UART_RxISR_16BIT  stm32h7xx_hal_uart.o
    0x0800b4f8   0x0800b4f8   0x00000164   Code   RO         7931    i.UART_RxISR_16BIT_FIFOEN  stm32h7xx_hal_uart.o
    0x0800b65c   0x0800b65c   0x0000008e   Code   RO         7932    i.UART_RxISR_8BIT   stm32h7xx_hal_uart.o
    0x0800b6ea   0x0800b6ea   0x00000002   PAD
    0x0800b6ec   0x0800b6ec   0x00000164   Code   RO         7933    i.UART_RxISR_8BIT_FIFOEN  stm32h7xx_hal_uart.o
    0x0800b850   0x0800b850   0x0000058c   Code   RO         7934    i.UART_SetConfig    stm32h7xx_hal_uart.o
    0x0800bddc   0x0800bddc   0x000000a0   Code   RO         7935    i.UART_Start_Receive_DMA  stm32h7xx_hal_uart.o
    0x0800be7c   0x0800be7c   0x00000110   Code   RO         7936    i.UART_Start_Receive_IT  stm32h7xx_hal_uart.o
    0x0800bf8c   0x0800bf8c   0x000000be   Code   RO         7941    i.UART_WaitOnFlagUntilTimeout  stm32h7xx_hal_uart.o
    0x0800c04a   0x0800c04a   0x00000002   PAD
    0x0800c04c   0x0800c04c   0x0000011c   Code   RO         3798    i.USART1_IRQHandler  stm32h7xx_it.o
    0x0800c168   0x0800c168   0x00000004   Code   RO         3799    i.UsageFault_Handler  stm32h7xx_it.o
    0x0800c16c   0x0800c16c   0x00000030   Code   RO         9691    i.__ARM_fpclassify  m_wv.l(fpclassify.o)
    0x0800c19c   0x0800c19c   0x00000010   Code   RO         3948    i.__NVIC_GetPriorityGrouping  stm32h7xx_hal_cortex.o
    0x0800c1ac   0x0800c1ac   0x00000028   Code   RO         3949    i.__NVIC_SetPriority  stm32h7xx_hal_cortex.o
    0x0800c1d4   0x0800c1d4   0x0000000e   Code   RO         9562    i._is_digit         c_w.l(__printf_wp.o)
    0x0800c1e2   0x0800c1e2   0x00000004   Code   RO         3673    i._sys_exit         usart.o
    0x0800c1e6   0x0800c1e6   0x00000002   PAD
    0x0800c1e8   0x0800c1e8   0x0000011c   Code   RO         3418    i.bfin_EMAC_recv    eth.o
    0x0800c304   0x0800c304   0x00000020   Code   RO         3419    i.bfin_EMAC_send    eth.o
    0x0800c324   0x0800c324   0x00000254   Code   RO         2077    i.dtype2string      slaveinfo.o
    0x0800c578   0x0800c578   0x0000003c   Code   RO         1356    i.ec_ALstatuscode2string  ethercatprint.o
    0x0800c5b4   0x0800c5b4   0x00000030   Code   RO          276    i.ec_SDOread        ethercatcoe.o
    0x0800c5e4   0x0800c5e4   0x00000030   Code   RO          277    i.ec_SDOwrite       ethercatcoe.o
    0x0800c614   0x0800c614   0x00000010   Code   RO          804    i.ec_clearmbx       ethercatmain.o
    0x0800c624   0x0800c624   0x00000014   Code   RO          449    i.ec_config_init    ethercatconfig.o
    0x0800c638   0x0800c638   0x0000000e   Code   RO          450    i.ec_config_map     ethercatconfig.o
    0x0800c646   0x0800c646   0x00000002   PAD
    0x0800c648   0x0800c648   0x00000018   Code   RO          451    i.ec_config_map_group  ethercatconfig.o
    0x0800c660   0x0800c660   0x00000010   Code   RO          644    i.ec_configdc       ethercatdc.o
    0x0800c670   0x0800c670   0x00000020   Code   RO          645    i.ec_dcsync0        ethercatdc.o
    0x0800c690   0x0800c690   0x00000014   Code   RO          807    i.ec_eeprom2pdi     ethercatmain.o
    0x0800c6a4   0x0800c6a4   0x00000010   Code   RO         1357    i.ec_elist2string   ethercatprint.o
    0x0800c6b4   0x0800c6b4   0x00000048   Code   RO          455    i.ec_findconfig     ethercatconfig.o
    0x0800c6fc   0x0800c6fc   0x00000014   Code   RO          813    i.ec_init           ethercatmain.o
    0x0800c710   0x0800c710   0x0000003c   Code   RO         1358    i.ec_mbxerror2string  ethercatprint.o
    0x0800c74c   0x0800c74c   0x0000000c   Code   RO          819    i.ec_nextmbxcnt     ethercatmain.o
    0x0800c758   0x0800c758   0x00000018   Code   RO          279    i.ec_readODdescription  ethercatcoe.o
    0x0800c770   0x0800c770   0x00000018   Code   RO          280    i.ec_readODlist     ethercatcoe.o
    0x0800c788   0x0800c788   0x0000001c   Code   RO          281    i.ec_readOE         ethercatcoe.o
    0x0800c7a4   0x0800c7a4   0x00000020   Code   RO          282    i.ec_readOEsingle   ethercatcoe.o
    0x0800c7c4   0x0800c7c4   0x00000010   Code   RO          828    i.ec_readstate      ethercatmain.o
    0x0800c7d4   0x0800c7d4   0x0000000e   Code   RO          829    i.ec_receive_processdata  ethercatmain.o
    0x0800c7e2   0x0800c7e2   0x00000002   PAD
    0x0800c7e4   0x0800c7e4   0x00000018   Code   RO          830    i.ec_receive_processdata_group  ethercatmain.o
    0x0800c7fc   0x0800c7fc   0x00000018   Code   RO          456    i.ec_reconfig_slave  ethercatconfig.o
    0x0800c814   0x0800c814   0x00000018   Code   RO          457    i.ec_recover_slave  ethercatconfig.o
    0x0800c82c   0x0800c82c   0x00000034   Code   RO         1359    i.ec_sdoerror2string  ethercatprint.o
    0x0800c860   0x0800c860   0x0000000a   Code   RO          833    i.ec_send_processdata  ethercatmain.o
    0x0800c86a   0x0800c86a   0x00000002   PAD
    0x0800c86c   0x0800c86c   0x00000014   Code   RO          834    i.ec_send_processdata_group  ethercatmain.o
    0x0800c880   0x0800c880   0x00000054   Code   RO         1666    i.ec_setupheader    nicdrv.o
    0x0800c8d4   0x0800c8d4   0x00000018   Code   RO          839    i.ec_siifind        ethercatmain.o
    0x0800c8ec   0x0800c8ec   0x00000018   Code   RO          840    i.ec_siigetbyte     ethercatmain.o
    0x0800c904   0x0800c904   0x0000001c   Code   RO          841    i.ec_siistring      ethercatmain.o
    0x0800c920   0x0800c920   0x0000003c   Code   RO         1360    i.ec_soeerror2string  ethercatprint.o
    0x0800c95c   0x0800c95c   0x0000001c   Code   RO          842    i.ec_statecheck     ethercatmain.o
    0x0800c978   0x0800c978   0x000000b0   Code   RO         1859    i.ec_sync           dcsync.o
    0x0800ca28   0x0800ca28   0x00000014   Code   RO          846    i.ec_writestate     ethercatmain.o
    0x0800ca3c   0x0800ca3c   0x00000368   Code   RO         2035    i.ecatcheck         simpletest.o
    0x0800cda4   0x0800cda4   0x0000007a   Code   RO           28    i.ecx_APRD          ethercatbase.o
    0x0800ce1e   0x0800ce1e   0x00000026   Code   RO           29    i.ecx_APRDw         ethercatbase.o
    0x0800ce44   0x0800ce44   0x00000056   Code   RO           30    i.ecx_APWR          ethercatbase.o
    0x0800ce9a   0x0800ce9a   0x00000022   Code   RO           31    i.ecx_APWRw         ethercatbase.o
    0x0800cebc   0x0800cebc   0x0000007a   Code   RO           33    i.ecx_BRD           ethercatbase.o
    0x0800cf36   0x0800cf36   0x00000056   Code   RO           34    i.ecx_BWR           ethercatbase.o
    0x0800cf8c   0x0800cf8c   0x0000007a   Code   RO           35    i.ecx_FPRD          ethercatbase.o
    0x0800d006   0x0800d006   0x0000013c   Code   RO          847    i.ecx_FPRD_multi    ethercatmain.o
    0x0800d142   0x0800d142   0x00000026   Code   RO           36    i.ecx_FPRDw         ethercatbase.o
    0x0800d168   0x0800d168   0x00000056   Code   RO           37    i.ecx_FPWR          ethercatbase.o
    0x0800d1be   0x0800d1be   0x00000022   Code   RO           38    i.ecx_FPWRw         ethercatbase.o
    0x0800d1e0   0x0800d1e0   0x00000052   Code   RO          288    i.ecx_SDOerror      ethercatcoe.o
    0x0800d232   0x0800d232   0x00000044   Code   RO          289    i.ecx_SDOinfoerror  ethercatcoe.o
    0x0800d276   0x0800d276   0x00000362   Code   RO          290    i.ecx_SDOread       ethercatcoe.o
    0x0800d5d8   0x0800d5d8   0x000003fa   Code   RO          291    i.ecx_SDOwrite      ethercatcoe.o
    0x0800d9d2   0x0800d9d2   0x0000004c   Code   RO         1415    i.ecx_SoEerror      ethercatsoe.o
    0x0800da1e   0x0800da1e   0x00000226   Code   RO         1416    i.ecx_SoEread       ethercatsoe.o
    0x0800dc44   0x0800dc44   0x0000008c   Code   RO           44    i.ecx_adddatagram   ethercatbase.o
    0x0800dcd0   0x0800dcd0   0x00000014   Code   RO         1670    i.ecx_clear_rxbufstat  nicdrv.o
    0x0800dce4   0x0800dce4   0x0000000c   Code   RO          848    i.ecx_clearindex    ethercatmain.o
    0x0800dcf0   0x0800dcf0   0x0000059c   Code   RO          458    i.ecx_config_create_input_mappings  ethercatconfig.o
    0x0800e28c   0x0800e28c   0x00000558   Code   RO          459    i.ecx_config_create_output_mappings  ethercatconfig.o
    0x0800e7e4   0x0800e7e4   0x000000ac   Code   RO          460    i.ecx_config_find_mappings  ethercatconfig.o
    0x0800e890   0x0800e890   0x000001a4   Code   RO          461    i.ecx_config_from_table  ethercatconfig.o
    0x0800ea34   0x0800ea34   0x00000b04   Code   RO          462    i.ecx_config_init   ethercatconfig.o
    0x0800f538   0x0800f538   0x00000454   Code   RO          463    i.ecx_config_map_group  ethercatconfig.o
    0x0800f98c   0x0800f98c   0x0000068c   Code   RO          647    i.ecx_configdc      ethercatdc.o
    0x08010018   0x08010018   0x00000174   Code   RO          648    i.ecx_dcsync0       ethercatdc.o
    0x0801018c   0x0801018c   0x00000094   Code   RO          465    i.ecx_detect_slaves  ethercatconfig.o
    0x08010220   0x08010220   0x000000a8   Code   RO          850    i.ecx_eeprom2master  ethercatmain.o
    0x080102c8   0x080102c8   0x0000007a   Code   RO          851    i.ecx_eeprom2pdi    ethercatmain.o
    0x08010342   0x08010342   0x0000007a   Code   RO          853    i.ecx_eeprom_waitnotbusyFP  ethercatmain.o
    0x080103bc   0x080103bc   0x0000002c   Code   RO         1361    i.ecx_elist2string  ethercatprint.o
    0x080103e8   0x080103e8   0x0000023c   Code   RO         1362    i.ecx_err2string    ethercatprint.o
    0x08010624   0x08010624   0x0000001c   Code   RO          466    i.ecx_get_threadcount  ethercatconfig.o
    0x08010640   0x08010640   0x0000005e   Code   RO         1672    i.ecx_getindex      nicdrv.o
    0x0801069e   0x0801069e   0x00000128   Code   RO         1673    i.ecx_inframe       nicdrv.o
    0x080107c6   0x080107c6   0x00000012   Code   RO          855    i.ecx_init          ethercatmain.o
    0x080107d8   0x080107d8   0x00000054   Code   RO          467    i.ecx_init_context  ethercatconfig.o
    0x0801082c   0x0801082c   0x00000174   Code   RO          468    i.ecx_lookup_mapping  ethercatconfig.o
    0x080109a0   0x080109a0   0x00000318   Code   RO          469    i.ecx_lookup_prev_sii  ethercatconfig.o
    0x08010cb8   0x08010cb8   0x000004f2   Code   RO          858    i.ecx_main_send_processdata  ethercatmain.o
    0x080111aa   0x080111aa   0x00000002   PAD
    0x080111ac   0x080111ac   0x00000210   Code   RO          470    i.ecx_map_coe_soe   ethercatconfig.o
    0x080113bc   0x080113bc   0x0000020c   Code   RO          471    i.ecx_map_sii       ethercatconfig.o
    0x080115c8   0x080115c8   0x00000378   Code   RO          472    i.ecx_map_sm        ethercatconfig.o
    0x08011940   0x08011940   0x00000062   Code   RO          859    i.ecx_mbxemergencyerror  ethercatmain.o
    0x080119a2   0x080119a2   0x00000092   Code   RO          860    i.ecx_mbxempty      ethercatmain.o
    0x08011a34   0x08011a34   0x00000044   Code   RO          861    i.ecx_mbxerror      ethercatmain.o
    0x08011a78   0x08011a78   0x00000260   Code   RO          862    i.ecx_mbxreceive    ethercatmain.o
    0x08011cd8   0x08011cd8   0x00000080   Code   RO          863    i.ecx_mbxsend       ethercatmain.o
    0x08011d58   0x08011d58   0x0000003e   Code   RO         1674    i.ecx_outframe      nicdrv.o
    0x08011d96   0x08011d96   0x00000002   PAD
    0x08011d98   0x08011d98   0x00000070   Code   RO         1675    i.ecx_outframe_red  nicdrv.o
    0x08011e08   0x08011e08   0x00000052   Code   RO          864    i.ecx_packeterror   ethercatmain.o
    0x08011e5a   0x08011e5a   0x00000064   Code   RO          650    i.ecx_parentport    ethercatdc.o
    0x08011ebe   0x08011ebe   0x00000078   Code   RO          865    i.ecx_poperror      ethercatmain.o
    0x08011f36   0x08011f36   0x0000006c   Code   RO          651    i.ecx_porttime      ethercatdc.o
    0x08011fa2   0x08011fa2   0x000000a6   Code   RO          652    i.ecx_prevport      ethercatdc.o
    0x08012048   0x08012048   0x00000022   Code   RO          866    i.ecx_pullindex     ethercatmain.o
    0x0801206a   0x0801206a   0x00000086   Code   RO          867    i.ecx_pusherror     ethercatmain.o
    0x080120f0   0x080120f0   0x00000038   Code   RO          868    i.ecx_pushindex     ethercatmain.o
    0x08012128   0x08012128   0x00000178   Code   RO         1418    i.ecx_readIDNmap    ethercatsoe.o
    0x080122a0   0x080122a0   0x000001a8   Code   RO          293    i.ecx_readODdescription  ethercatcoe.o
    0x08012448   0x08012448   0x00000204   Code   RO          294    i.ecx_readODlist    ethercatcoe.o
    0x0801264c   0x0801264c   0x00000040   Code   RO          295    i.ecx_readOE        ethercatcoe.o
    0x0801268c   0x0801268c   0x000001a8   Code   RO          296    i.ecx_readOEsingle  ethercatcoe.o
    0x08012834   0x08012834   0x0000010c   Code   RO          297    i.ecx_readPDOassign  ethercatcoe.o
    0x08012940   0x08012940   0x00000104   Code   RO          298    i.ecx_readPDOassignCA  ethercatcoe.o
    0x08012a44   0x08012a44   0x000001ac   Code   RO          299    i.ecx_readPDOmap    ethercatcoe.o
    0x08012bf0   0x08012bf0   0x00000188   Code   RO          300    i.ecx_readPDOmapCA  ethercatcoe.o
    0x08012d78   0x08012d78   0x00000036   Code   RO          869    i.ecx_readeeprom    ethercatmain.o
    0x08012dae   0x08012dae   0x000000a4   Code   RO          870    i.ecx_readeeprom1   ethercatmain.o
    0x08012e52   0x08012e52   0x00000066   Code   RO          871    i.ecx_readeeprom2   ethercatmain.o
    0x08012eb8   0x08012eb8   0x00000144   Code   RO          873    i.ecx_readeepromFP  ethercatmain.o
    0x08012ffc   0x08012ffc   0x000001ec   Code   RO          874    i.ecx_readstate     ethercatmain.o
    0x080131e8   0x080131e8   0x000001b0   Code   RO          876    i.ecx_receive_processdata_group  ethercatmain.o
    0x08013398   0x08013398   0x00000168   Code   RO          473    i.ecx_reconfig_slave  ethercatconfig.o
    0x08013500   0x08013500   0x00000186   Code   RO          474    i.ecx_recover_slave  ethercatconfig.o
    0x08013686   0x08013686   0x00000036   Code   RO         1676    i.ecx_recvpkt       nicdrv.o
    0x080136bc   0x080136bc   0x00000012   Code   RO          880    i.ecx_send_processdata_group  ethercatmain.o
    0x080136ce   0x080136ce   0x0000016c   Code   RO          475    i.ecx_set_slaves_to_default  ethercatconfig.o
    0x0801383a   0x0801383a   0x00000026   Code   RO         1677    i.ecx_setbufstat    nicdrv.o
    0x08013860   0x08013860   0x0000005e   Code   RO           45    i.ecx_setupdatagram  ethercatbase.o
    0x080138be   0x080138be   0x0000014a   Code   RO         1678    i.ecx_setupnic      nicdrv.o
    0x08013a08   0x08013a08   0x000000c4   Code   RO          881    i.ecx_siiFMMU       ethercatmain.o
    0x08013acc   0x08013acc   0x000001e6   Code   RO          882    i.ecx_siiPDO        ethercatmain.o
    0x08013cb2   0x08013cb2   0x00000106   Code   RO          883    i.ecx_siiSM         ethercatmain.o
    0x08013db8   0x08013db8   0x000000d6   Code   RO          884    i.ecx_siiSMnext     ethercatmain.o
    0x08013e8e   0x08013e8e   0x000000bc   Code   RO          885    i.ecx_siifind       ethercatmain.o
    0x08013f4a   0x08013f4a   0x00000108   Code   RO          886    i.ecx_siigetbyte    ethercatmain.o
    0x08014052   0x08014052   0x000000d4   Code   RO          887    i.ecx_siistring     ethercatmain.o
    0x08014126   0x08014126   0x0000005a   Code   RO         1679    i.ecx_srconfirm     nicdrv.o
    0x08014180   0x08014180   0x000000d6   Code   RO          888    i.ecx_statecheck    ethercatmain.o
    0x08014256   0x08014256   0x00000026   Code   RO         1680    i.ecx_waitinframe   nicdrv.o
    0x0801427c   0x0801427c   0x000001b4   Code   RO         1681    i.ecx_waitinframe_red  nicdrv.o
    0x08014430   0x08014430   0x0000004c   Code   RO           46    i.ecx_writedatagramdata  ethercatbase.o
    0x0801447c   0x0801447c   0x0000006a   Code   RO          892    i.ecx_writestate    ethercatmain.o
    0x080144e6   0x080144e6   0x00000002   PAD
    0x080144e8   0x080144e8   0x00000074   Code   RO         3420    i.eth_chip_get_link_state  eth.o
    0x0801455c   0x0801455c   0x00000018   Code   RO         3423    i.ethernet_read_phy  eth.o
    0x08014574   0x08014574   0x0000001c   Code   RO         3677    i.fputc             usart.o
    0x08014590   0x08014590   0x000000b8   Code   RO         3425    i.get_eth_linkstate  eth.o
    0x08014648   0x08014648   0x0000002c   Code   RO         2266    i.handle_key_event  key.o
    0x08014674   0x08014674   0x00000050   Code   RO         3171    i.iic_ack           myiic.o
    0x080146c4   0x080146c4   0x0000000a   Code   RO         3172    i.iic_delay         myiic.o
    0x080146ce   0x080146ce   0x00000002   PAD
    0x080146d0   0x080146d0   0x00000078   Code   RO         3173    i.iic_init          myiic.o
    0x08014748   0x08014748   0x00000040   Code   RO         3174    i.iic_nack          myiic.o
    0x08014788   0x08014788   0x0000005c   Code   RO         3175    i.iic_read_byte     myiic.o
    0x080147e4   0x080147e4   0x0000006c   Code   RO         3176    i.iic_send_byte     myiic.o
    0x08014850   0x08014850   0x0000004c   Code   RO         3177    i.iic_start         myiic.o
    0x0801489c   0x0801489c   0x00000040   Code   RO         3178    i.iic_stop          myiic.o
    0x080148dc   0x080148dc   0x00000064   Code   RO         3179    i.iic_wait_ack      myiic.o
    0x08014940   0x08014940   0x00000020   Code   RO         3679    i.init_receivedBuff  usart.o
    0x08014960   0x08014960   0x000001ac   Code   RO         2267    i.key_event_handler  key.o
    0x08014b0c   0x08014b0c   0x00000040   Code   RO         2268    i.key_function      key.o
    0x08014b4c   0x08014b4c   0x00000134   Code   RO         2269    i.key_init          key.o
    0x08014c80   0x08014c80   0x0000009e   Code   RO         2271    i.key_state_machine  key.o
    0x08014d1e   0x08014d1e   0x00000002   PAD
    0x08014d20   0x08014d20   0x00000048   Code   RO         2460    i.lcd_clear         lcd.o
    0x08014d68   0x08014d68   0x00000190   Code   RO         2462    i.lcd_display_dir   lcd.o
    0x08014ef8   0x08014ef8   0x00000034   Code   RO         2468    i.lcd_draw_point    lcd.o
    0x08014f2c   0x08014f2c   0x0000022c   Code   RO         2470    i.lcd_ex_ili9341_reginit  lcd.o
    0x08015158   0x08015158   0x00000340   Code   RO         2471    i.lcd_ex_ili9806_reginit  lcd.o
    0x08015498   0x08015498   0x00000ef2   Code   RO         2472    i.lcd_ex_nt35310_reginit  lcd.o
    0x0801638a   0x0801638a   0x00000efc   Code   RO         2473    i.lcd_ex_nt35510_reginit  lcd.o
    0x08017286   0x08017286   0x0000016e   Code   RO         2474    i.lcd_ex_ssd1963_reginit  lcd.o
    0x080173f4   0x080173f4   0x000001a8   Code   RO         2475    i.lcd_ex_st7789_reginit  lcd.o
    0x0801759c   0x0801759c   0x000001c6   Code   RO         2476    i.lcd_ex_st7796_reginit  lcd.o
    0x08017762   0x08017762   0x00000002   PAD
    0x08017764   0x08017764   0x00000544   Code   RO         2479    i.lcd_init          lcd.o
    0x08017ca8   0x08017ca8   0x00000050   Code   RO         2480    i.lcd_mpu_config    lcd.o
    0x08017cf8   0x08017cf8   0x00000014   Code   RO         2483    i.lcd_rd_data       lcd.o
    0x08017d0c   0x08017d0c   0x0000023c   Code   RO         2485    i.lcd_scan_dir      lcd.o
    0x08017f48   0x08017f48   0x00000120   Code   RO         2486    i.lcd_set_cursor    lcd.o
    0x08018068   0x08018068   0x00000140   Code   RO         2488    i.lcd_show_char     lcd.o
    0x080181a8   0x080181a8   0x00000038   Code   RO         9330    i.lcd_show_static_string  usmart_config.o
    0x080181e0   0x080181e0   0x0000006a   Code   RO         2490    i.lcd_show_string   lcd.o
    0x0801824a   0x0801824a   0x00000002   PAD
    0x0801824c   0x0801824c   0x00000050   Code   RO         2492    i.lcd_ssd_backlight_set  lcd.o
    0x0801829c   0x0801829c   0x00000018   Code   RO         2493    i.lcd_wr_data       lcd.o
    0x080182b4   0x080182b4   0x00000018   Code   RO         2494    i.lcd_wr_regno      lcd.o
    0x080182cc   0x080182cc   0x00000014   Code   RO         2495    i.lcd_write_ram_prepare  lcd.o
    0x080182e0   0x080182e0   0x00000010   Code   RO         2496    i.lcd_write_reg     lcd.o
    0x080182f0   0x080182f0   0x00000002   Code   RO         3426    i.low_level_input   eth.o
    0x080182f2   0x080182f2   0x00000002   PAD
    0x080182f4   0x080182f4   0x00000154   Code   RO         3427    i.low_level_output  eth.o
    0x08018448   0x08018448   0x00000024   Code   RO         2341    i.ltdc_clear        ltdc.o
    0x0801846c   0x0801846c   0x0000002e   Code   RO         2342    i.ltdc_clk_set      ltdc.o
    0x0801849a   0x0801849a   0x00000002   PAD
    0x0801849c   0x0801849c   0x0000002c   Code   RO         2344    i.ltdc_display_dir  ltdc.o
    0x080184c8   0x080184c8   0x00000050   Code   RO         2345    i.ltdc_draw_point   ltdc.o
    0x08018518   0x08018518   0x00000194   Code   RO         2346    i.ltdc_fill         ltdc.o
    0x080186ac   0x080186ac   0x000002a8   Code   RO         2347    i.ltdc_init         ltdc.o
    0x08018954   0x08018954   0x00000078   Code   RO         2348    i.ltdc_layer_parameter_config  ltdc.o
    0x080189cc   0x080189cc   0x00000030   Code   RO         2350    i.ltdc_layer_window_config  ltdc.o
    0x080189fc   0x080189fc   0x000000d0   Code   RO         2351    i.ltdc_panelid_read  ltdc.o
    0x08018acc   0x08018acc   0x0000000c   Code   RO         2353    i.ltdc_select_layer  ltdc.o
    0x08018ad8   0x08018ad8   0x00000448   Code   RO         3294    i.main              main.o
    0x08018f20   0x08018f20   0x0000006c   Code   RO         9170    i.my_mem_free       malloc.o
    0x08018f8c   0x08018f8c   0x0000002c   Code   RO         9171    i.my_mem_init       malloc.o
    0x08018fb8   0x08018fb8   0x000000a8   Code   RO         9172    i.my_mem_malloc     malloc.o
    0x08019060   0x08019060   0x00000040   Code   RO         9173    i.my_mem_perused    malloc.o
    0x080190a0   0x080190a0   0x00000014   Code   RO         9174    i.my_mem_set        malloc.o
    0x080190b4   0x080190b4   0x00000024   Code   RO         9175    i.myfree            malloc.o
    0x080190d8   0x080190d8   0x00000028   Code   RO         9176    i.mymalloc          malloc.o
    0x08019100   0x08019100   0x00000032   Code   RO         1468    i.osal_current_time  osal.o
    0x08019132   0x08019132   0x00000058   Code   RO         1469    i.osal_timer_is_expired  osal.o
    0x0801918a   0x0801918a   0x00000002   PAD
    0x0801918c   0x0801918c   0x0000006c   Code   RO         1470    i.osal_timer_start  osal.o
    0x080191f8   0x080191f8   0x0000001c   Code   RO         1471    i.osal_usleep       osal.o
    0x08019214   0x08019214   0x0000000c   Code   RO         1828    i.oshw_htons        oshw.o
    0x08019220   0x08019220   0x0000000c   Code   RO         1829    i.oshw_ntohs        oshw.o
    0x0801922c   0x0801922c   0x0000006c   Code   RO         2738    i.pcf8574_init      pcf8574.o
    0x08019298   0x08019298   0x00000022   Code   RO         2740    i.pcf8574_read_byte  pcf8574.o
    0x080192ba   0x080192ba   0x00000026   Code   RO         2741    i.pcf8574_write_bit  pcf8574.o
    0x080192e0   0x080192e0   0x00000028   Code   RO         2742    i.pcf8574_write_byte  pcf8574.o
    0x08019308   0x08019308   0x00000006   Code   RO         9259    i.read_addr         usmart.o
    0x0801930e   0x0801930e   0x00000002   PAD
    0x08019310   0x08019310   0x0000006c   Code   RO         2272    i.read_keys         key.o
    0x0801937c   0x0801937c   0x00000070   Code   RO         2792    i.sdram_init        sdram.o
    0x080193ec   0x080193ec   0x00000042   Code   RO         2793    i.sdram_initialization_sequence  sdram.o
    0x0801942e   0x0801942e   0x00000002   PAD
    0x08019430   0x08019430   0x00000048   Code   RO         2794    i.sdram_send_cmd    sdram.o
    0x08019478   0x08019478   0x000001f0   Code   RO         2078    i.si_PDOassign      slaveinfo.o
    0x08019668   0x08019668   0x000001fc   Code   RO         2079    i.si_map_sdo        slaveinfo.o
    0x08019864   0x08019864   0x00000094   Code   RO         2080    i.si_map_sii        slaveinfo.o
    0x080198f8   0x080198f8   0x00000200   Code   RO         2081    i.si_sdo            slaveinfo.o
    0x08019af8   0x08019af8   0x000003e8   Code   RO         2082    i.si_siiPDO         slaveinfo.o
    0x08019ee0   0x08019ee0   0x000000b0   Code   RO         9260    i.usmart_cmd_rec    usmart.o
    0x08019f90   0x08019f90   0x000002d4   Code   RO         9261    i.usmart_exe        usmart.o
    0x0801a264   0x0801a264   0x000000d4   Code   RO         9420    i.usmart_get_aparm  usmart_str.o
    0x0801a338   0x0801a338   0x00000036   Code   RO         9421    i.usmart_get_cmdname  usmart_str.o
    0x0801a36e   0x0801a36e   0x00000002   PAD
    0x0801a370   0x0801a370   0x000001c0   Code   RO         9422    i.usmart_get_fname  usmart_str.o
    0x0801a530   0x0801a530   0x0000010c   Code   RO         9423    i.usmart_get_fparam  usmart_str.o
    0x0801a63c   0x0801a63c   0x00000044   Code   RO         9366    i.usmart_get_input_string  usmart_port.o
    0x0801a680   0x0801a680   0x00000020   Code   RO         9424    i.usmart_get_parmpos  usmart_str.o
    0x0801a6a0   0x0801a6a0   0x00000028   Code   RO         9262    i.usmart_init       usmart.o
    0x0801a6c8   0x0801a6c8   0x00000016   Code   RO         9425    i.usmart_pow        usmart_str.o
    0x0801a6de   0x0801a6de   0x00000002   PAD
    0x0801a6e0   0x0801a6e0   0x000000a8   Code   RO         9263    i.usmart_scan       usmart.o
    0x0801a788   0x0801a788   0x00000016   Code   RO         9426    i.usmart_search_nextc  usmart_str.o
    0x0801a79e   0x0801a79e   0x00000106   Code   RO         9427    i.usmart_str2num    usmart_str.o
    0x0801a8a4   0x0801a8a4   0x00000022   Code   RO         9428    i.usmart_strcmp     usmart_str.o
    0x0801a8c6   0x0801a8c6   0x00000016   Code   RO         9429    i.usmart_strcopy    usmart_str.o
    0x0801a8dc   0x0801a8dc   0x00000018   Code   RO         9430    i.usmart_strlen     usmart_str.o
    0x0801a8f4   0x0801a8f4   0x000006f4   Code   RO         9264    i.usmart_sys_cmd_exe  usmart.o
    0x0801afe8   0x0801afe8   0x00000044   Code   RO         9367    i.usmart_timx_get_time  usmart_port.o
    0x0801b02c   0x0801b02c   0x00000060   Code   RO         9368    i.usmart_timx_init  usmart_port.o
    0x0801b08c   0x0801b08c   0x00000034   Code   RO         9369    i.usmart_timx_reset_time  usmart_port.o
    0x0801b0c0   0x0801b0c0   0x00000004   Code   RO         9265    i.write_addr        usmart.o
    0x0801b0c4   0x0801b0c4   0x0000002c   Code   RO         9686    locale$$code        c_w.l(lc_numeric_c.o)
    0x0801b0f0   0x0801b0f0   0x0000000a   Code   RO         9765    x$fpl$fpinit        fz_wv.l(fpinit.o)
    0x0801b0fa   0x0801b0fa   0x00000004   Code   RO         9605    x$fpl$printf1       fz_wv.l(printf1.o)
    0x0801b0fe   0x0801b0fe   0x00000000   Code   RO         9690    x$fpl$usenofp       fz_wv.l(usenofp.o)
    0x0801b0fe   0x0801b0fe   0x00000002   PAD
    0x0801b100   0x0801b100   0x000006c0   Data   RO          477    .constdata          ethercatconfig.o
    0x0801b7c0   0x0801b7c0   0x00004a64   Data   RO         1364    .constdata          ethercatprint.o
    0x08020224   0x08020224   0x0000000c   Data   RO         1682    .constdata          nicdrv.o
    0x08020230   0x08020230   0x00002f80   Data   RO         2498    .constdata          lcd.o
    0x080231b0   0x080231b0   0x00000008   Data   RO         4804    .constdata          stm32h7xx_hal_dma.o
    0x080231b8   0x080231b8   0x00000018   Data   RO         7942    .constdata          stm32h7xx_hal_uart.o
    0x080231d0   0x080231d0   0x00000010   Data   RO         8317    .constdata          stm32h7xx_hal_uart_ex.o
    0x080231e0   0x080231e0   0x00000010   Data   RO         9134    .constdata          system_stm32h7xx.o
    0x080231f0   0x080231f0   0x00000048   Data   RO         9189    .constdata          malloc.o
    0x08023238   0x08023238   0x00000028   Data   RO         9550    .constdata          c_w.l(_printf_hex_int_ll_ptr.o)
    0x08023260   0x08023260   0x00000011   Data   RO         9570    .constdata          c_w.l(__printf_flags_ss_wp.o)
    0x08023271   0x08023271   0x00000003   PAD
    0x08023274   0x08023274   0x00000094   Data   RO         9657    .constdata          c_w.l(bigflt0.o)
    0x08023308   0x08023308   0x00000042   Data   RO          478    .conststring        ethercatconfig.o
    0x0802334a   0x0802334a   0x00000002   PAD
    0x0802334c   0x0802334c   0x0000008e   Data   RO         2085    .conststring        slaveinfo.o
    0x080233da   0x080233da   0x00000002   PAD
    0x080233dc   0x080233dc   0x000000b2   Data   RO         3246    .conststring        ld3m_ec7010.o
    0x0802348e   0x0802348e   0x00000002   PAD
    0x08023490   0x08023490   0x00000028   Data   RO         9266    .conststring        usmart.o
    0x080234b8   0x080234b8   0x00000104   Data   RO         9331    .conststring        usmart_config.o
    0x080235bc   0x080235bc   0x00000020   Data   RO         9825    Region$$Table       anon$$obj.o
    0x080235dc   0x080235dc   0x0000001c   Data   RO         9685    locale$$data        c_w.l(lc_numeric_c.o)


    Execution Region RW_IRAM2 (Exec base: 0x24000000, Load base: 0x080235f8, Size: 0x000421b0, Max: 0x00080000, ABSOLUTE, COMPRESSED[0x000000e0])

    Exec Addr    Load Addr    Size         Type   Attr      Idx    E Section Name        Object

    0x24000000   COMPRESSED   0x00000070   Data   RW          894    .data               ethercatmain.o
    0x24000070   COMPRESSED   0x00000018   Data   RW         1860    .data               dcsync.o
    0x24000088   COMPRESSED   0x0000000d   Data   RW         2037    .data               simpletest.o
    0x24000095   COMPRESSED   0x00000003   PAD
    0x24000098   COMPRESSED   0x00000008   Data   RW         2357    .data               ltdc.o
    0x240000a0   COMPRESSED   0x00000008   Data   RW         2499    .data               lcd.o
    0x240000a8   COMPRESSED   0x00000003   Data   RW         3247    .data               ld3m_ec7010.o
    0x240000ab   COMPRESSED   0x00000001   PAD
    0x240000ac   COMPRESSED   0x00000007   Data   RW         3296    .data               main.o
    0x240000b3   COMPRESSED   0x00000001   PAD
    0x240000b4   COMPRESSED   0x00000022   Data   RW         3433    .data               eth.o
    0x240000d6   COMPRESSED   0x00000002   PAD
    0x240000d8   COMPRESSED   0x0000000c   Data   RW         3592    .data               tim.o
    0x240000e4   COMPRESSED   0x00000010   Data   RW         3682    .data               usart.o
    0x240000f4   COMPRESSED   0x00000009   Data   RW         5542    .data               stm32h7xx_hal.o
    0x240000fd   COMPRESSED   0x00000003   PAD
    0x24000100   COMPRESSED   0x00000008   Data   RW         9135    .data               system_stm32h7xx.o
    0x24000108   COMPRESSED   0x00000040   Data   RW         9190    .data               malloc.o
    0x24000148   COMPRESSED   0x0000001c   Data   RW         9267    .data               usmart.o
    0x24000164   COMPRESSED   0x0000012c   Data   RW         9332    .data               usmart_config.o
    0x24000290        -       0x00000010   Zero   RW          476    .bss                ethercatconfig.o
    0x240002a0        -       0x00017124   Zero   RW          893    .bss                ethercatmain.o
    0x240173c4        -       0x0000007f   Zero   RW         1363    .bss                ethercatprint.o
    0x24017443   COMPRESSED   0x00000001   PAD
    0x24017444        -       0x0000f086   Zero   RW         2084    .bss                slaveinfo.o
    0x240264ca        -       0x00000018   Zero   RW         2273    .bss                key.o
    0x240264e2   COMPRESSED   0x00000002   PAD
    0x240264e4        -       0x00000130   Zero   RW         2356    .bss                ltdc.o
    0x24026614        -       0x0000005a   Zero   RW         2497    .bss                lcd.o
    0x2402666e   COMPRESSED   0x00000002   PAD
    0x24026670        -       0x00000034   Zero   RW         2795    .bss                sdram.o
    0x240266a4        -       0x00000024   Zero   RW         3245    .bss                ld3m_ec7010.o
    0x240266c8        -       0x00000418   Zero   RW         3295    .bss                main.o
    0x24026ae0        -       0x000000bc   Zero   RW         3432    .bss                eth.o
    0x24026b9c        -       0x000000e4   Zero   RW         3591    .bss                tim.o
    0x24026c80        -       0x00000180   Zero   RW         3681    .bss                usart.o
    0x24026e00        -       0x0001a900   Zero   RW         9188    .bss                malloc.o
    0x24041700        -       0x0000004c   Zero   RW         9370    .bss                usmart_port.o
    0x2404174c        -       0x00000060   Zero   RW         9694    .bss                c_w.l(libspace.o)
    0x240417ac   COMPRESSED   0x00000004   PAD
    0x240417b0        -       0x00000200   Zero   RW            2    HEAP                startup_stm32h743xx.o
    0x240419b0        -       0x00000800   Zero   RW            1    STACK               startup_stm32h743xx.o



  Load Region LR$$.ARM.__AT_0x00000000 (Base: 0x00000000, Size: 0x00000000, Max: 0x0000f000, ABSOLUTE)

    Execution Region ER$$.ARM.__AT_0x00000000 (Exec base: 0x00000000, Load base: 0x00000000, Size: 0x0000f000, Max: 0x0000f000, ABSOLUTE, UNINIT)

    Exec Addr    Load Addr    Size         Type   Attr      Idx    E Section Name        Object

    0x00000000        -       0x0000f000   Zero   RW         9178    .ARM.__AT_0x00000000  malloc.o



  Load Region LR$$.ARM.__AT_0x0000F000 (Base: 0x0000f000, Size: 0x00000000, Max: 0x00000f00, ABSOLUTE)

    Execution Region ER$$.ARM.__AT_0x0000F000 (Exec base: 0x0000f000, Load base: 0x0000f000, Size: 0x00000f00, Max: 0x00000f00, ABSOLUTE, UNINIT)

    Exec Addr    Load Addr    Size         Type   Attr      Idx    E Section Name        Object

    0x0000f000        -       0x00000f00   Zero   RW         9179    .ARM.__AT_0x0000F000  malloc.o



  Load Region LR$$.ARM.__AT_0x20000000 (Base: 0x20000000, Size: 0x00000000, Max: 0x0001e000, ABSOLUTE)

    Execution Region ER$$.ARM.__AT_0x20000000 (Exec base: 0x20000000, Load base: 0x20000000, Size: 0x0001e000, Max: 0x0001e000, ABSOLUTE, UNINIT)

    Exec Addr    Load Addr    Size         Type   Attr      Idx    E Section Name        Object

    0x20000000        -       0x0001e000   Zero   RW         9180    .ARM.__AT_0x20000000  malloc.o



  Load Region LR$$.ARM.__AT_0x2001E000 (Base: 0x2001e000, Size: 0x00000000, Max: 0x00001e00, ABSOLUTE)

    Execution Region ER$$.ARM.__AT_0x2001E000 (Exec base: 0x2001e000, Load base: 0x2001e000, Size: 0x00001e00, Max: 0x00001e00, ABSOLUTE, UNINIT)

    Exec Addr    Load Addr    Size         Type   Attr      Idx    E Section Name        Object

    0x2001e000        -       0x00001e00   Zero   RW         9181    .ARM.__AT_0x2001E000  malloc.o



  Load Region LR$$.ARM.__AT_0x30000000 (Base: 0x30000000, Size: 0x00000000, Max: 0x0003c000, ABSOLUTE)

    Execution Region ER$$.ARM.__AT_0x30000000 (Exec base: 0x30000000, Load base: 0x30000000, Size: 0x0003c000, Max: 0x0003c000, ABSOLUTE, UNINIT)

    Exec Addr    Load Addr    Size         Type   Attr      Idx    E Section Name        Object

    0x30000000        -       0x0003c000   Zero   RW         9182    .ARM.__AT_0x30000000  malloc.o



  Load Region LR$$.ARM.__AT_0x3003C000 (Base: 0x3003c000, Size: 0x00000000, Max: 0x00003c00, ABSOLUTE)

    Execution Region ER$$.ARM.__AT_0x3003C000 (Exec base: 0x3003c000, Load base: 0x3003c000, Size: 0x00003c00, Max: 0x00003c00, ABSOLUTE, UNINIT)

    Exec Addr    Load Addr    Size         Type   Attr      Idx    E Section Name        Object

    0x3003c000        -       0x00003c00   Zero   RW         9183    .ARM.__AT_0x3003C000  malloc.o



  Load Region LR$$.ARM.__AT_0x30040000 (Base: 0x30040000, Size: 0x00000000, Max: 0x00000060, ABSOLUTE)

    Execution Region ER$$.ARM.__AT_0x30040000 (Exec base: 0x30040000, Load base: 0x30040000, Size: 0x00000060, Max: 0x00000060, ABSOLUTE, UNINIT)

    Exec Addr    Load Addr    Size         Type   Attr      Idx    E Section Name        Object

    0x30040000        -       0x00000060   Zero   RW         3428    .ARM.__AT_0x30040000  eth.o



  Load Region LR$$.ARM.__AT_0x30040060 (Base: 0x30040060, Size: 0x00000000, Max: 0x00000060, ABSOLUTE)

    Execution Region ER$$.ARM.__AT_0x30040060 (Exec base: 0x30040060, Load base: 0x30040060, Size: 0x00000060, Max: 0x00000060, ABSOLUTE, UNINIT)

    Exec Addr    Load Addr    Size         Type   Attr      Idx    E Section Name        Object

    0x30040060        -       0x00000060   Zero   RW         3429    .ARM.__AT_0x30040060  eth.o



  Load Region LR$$.ARM.__AT_0x30040200 (Base: 0x30040200, Size: 0x00000000, Max: 0x000017e0, ABSOLUTE)

    Execution Region ER$$.ARM.__AT_0x30040200 (Exec base: 0x30040200, Load base: 0x30040200, Size: 0x000017e0, Max: 0x000017e0, ABSOLUTE, UNINIT)

    Exec Addr    Load Addr    Size         Type   Attr      Idx    E Section Name        Object

    0x30040200        -       0x000017e0   Zero   RW         3430    .ARM.__AT_0x30040200  eth.o



  Load Region LR$$.ARM.__AT_0x30044000 (Base: 0x30044000, Size: 0x00000000, Max: 0x000017e0, ABSOLUTE)

    Execution Region ER$$.ARM.__AT_0x30044000 (Exec base: 0x30044000, Load base: 0x30044000, Size: 0x000017e0, Max: 0x000017e0, ABSOLUTE, UNINIT)

    Exec Addr    Load Addr    Size         Type   Attr      Idx    E Section Name        Object

    0x30044000        -       0x000017e0   Zero   RW         3431    .ARM.__AT_0x30044000  eth.o



  Load Region LR$$.ARM.__AT_0x38000000 (Base: 0x38000000, Size: 0x00000000, Max: 0x0000f000, ABSOLUTE)

    Execution Region ER$$.ARM.__AT_0x38000000 (Exec base: 0x38000000, Load base: 0x38000000, Size: 0x0000f000, Max: 0x0000f000, ABSOLUTE, UNINIT)

    Exec Addr    Load Addr    Size         Type   Attr      Idx    E Section Name        Object

    0x38000000        -       0x0000f000   Zero   RW         9184    .ARM.__AT_0x38000000  malloc.o



  Load Region LR$$.ARM.__AT_0x3800F000 (Base: 0x3800f000, Size: 0x00000000, Max: 0x00000f00, ABSOLUTE)

    Execution Region ER$$.ARM.__AT_0x3800F000 (Exec base: 0x3800f000, Load base: 0x3800f000, Size: 0x00000f00, Max: 0x00000f00, ABSOLUTE, UNINIT)

    Exec Addr    Load Addr    Size         Type   Attr      Idx    E Section Name        Object

    0x3800f000        -       0x00000f00   Zero   RW         9185    .ARM.__AT_0x3800F000  malloc.o



  Load Region LR$$.ARM.__AT_0xC0000000 (Base: 0xc0000000, Size: 0x00000000, Max: 0x001f4000, ABSOLUTE)

    Execution Region ER$$.ARM.__AT_0xC0000000 (Exec base: 0xc0000000, Load base: 0xc0000000, Size: 0x001f4000, Max: 0x001f4000, ABSOLUTE, UNINIT)

    Exec Addr    Load Addr    Size         Type   Attr      Idx    E Section Name        Object

    0xc0000000        -       0x001f4000   Zero   RW         2355    .ARM.__AT_0xC0000000  ltdc.o



  Load Region LR$$.ARM.__AT_0xC01F4000 (Base: 0xc01f4000, Size: 0x00000000, Max: 0x01c3c000, ABSOLUTE)

    Execution Region ER$$.ARM.__AT_0xC01F4000 (Exec base: 0xc01f4000, Load base: 0xc01f4000, Size: 0x01c3c000, Max: 0x01c3c000, ABSOLUTE, UNINIT)

    Exec Addr    Load Addr    Size         Type   Attr      Idx    E Section Name        Object

    0xc01f4000        -       0x01c3c000   Zero   RW         9186    .ARM.__AT_0xC01F4000  malloc.o



  Load Region LR$$.ARM.__AT_0xC1E30000 (Base: 0xc1e30000, Size: 0x00000000, Max: 0x001c3c00, ABSOLUTE)

    Execution Region ER$$.ARM.__AT_0xC1E30000 (Exec base: 0xc1e30000, Load base: 0xc1e30000, Size: 0x001c3c00, Max: 0x001c3c00, ABSOLUTE, UNINIT)

    Exec Addr    Load Addr    Size         Type   Attr      Idx    E Section Name        Object

    0xc1e30000        -       0x001c3c00   Zero   RW         9187    .ARM.__AT_0xC1E30000  malloc.o


==============================================================================

Image component sizes


      Code (inc. data)   RO Data    RW Data    ZI Data      Debug   Object Name

         0          0          0          0          0        516   24cxx.o
       176          4          0         24          0       1296   dcsync.o
        68          4          0          0          0        878   dma.o
      2654        664          0         34      12604      53148   eth.o
      1078          0          0          0          0      28289   ethercatbase.o
      5014         70          0          0          0      19119   ethercatcoe.o
     11980        874       1794          0         16      23560   ethercatconfig.o
      2470         26          0          0          0       5892   ethercatdc.o
      7502         70          0        112      94500      47376   ethercatmain.o
       864        296      19044          0        127       5704   ethercatprint.o
      1002          6          0          0          0       4038   ethercatsoe.o
       200          8          0          0          0       1107   gpio.o
      1110        280          0          0         24       6119   key.o
     13868        194      12160          8         90      24236   lcd.o
      3720        970        178          3         36       4616   ld3m_ec7010.o
      2086        124          0          8    2048304      10430   ltdc.o
      1542        268          0          7       1048      40308   main.o
       480         54         72         64   32087296       7173   malloc.o
       714         42          0          0          0       5190   myiic.o
      1654         26         12          0          0      10577   nicdrv.o
       274          6          0          0          0    1334393   osal.o
        24          0          0          0          0       1058   oshw.o
       220          8          0          0          0       2792   pcf8574.o
       534         40          0          0         52       3559   sdram.o
       872        318          0         13          0       1079   simpletest.o
      3956       1124        142          0      61574       8346   slaveinfo.o
        64         26        664          0       2560        836   startup_stm32h743xx.o
       292         56          0          9          0      23944   stm32h7xx_hal.o
       510         38          0          0          0      42241   stm32h7xx_hal_cortex.o
      8668        166          8          0          0      13849   stm32h7xx_hal_dma.o
      4910         84          0          0          0      23643   stm32h7xx_hal_eth.o
       568         52          0          0          0       3756   stm32h7xx_hal_gpio.o
      1118          6          0          0          0       4725   stm32h7xx_hal_ltdc.o
        36          4          0          0          0        926   stm32h7xx_hal_msp.o
        96          6          0          0          0        769   stm32h7xx_hal_pwr_ex.o
      3524        108          0          0          0       6896   stm32h7xx_hal_rcc.o
      4784        110          0          0          0       7221   stm32h7xx_hal_rcc_ex.o
       212          4          0          0          0       2896   stm32h7xx_hal_sdram.o
       112          6          0          0          0       1320   stm32h7xx_hal_sram.o
      1358         82          0          0          0       9707   stm32h7xx_hal_tim.o
       198         26          0          0          0       3192   stm32h7xx_hal_tim_ex.o
      5308        202         24          0          0      40976   stm32h7xx_hal_uart.o
       462         10         16          0          0       6377   stm32h7xx_hal_uart_ex.o
       398         52          0          0          0       7291   stm32h7xx_it.o
       648         14          0          0          0       6576   stm32h7xx_ll_fmc.o
       260         40         16          8          0       1418   system_stm32h7xx.o
       762         98          0         12        228       5676   tim.o
       700         86          0         16        384       6716   usart.o
      2898       1308         40         28          0       5978   usmart.o
        56         26        260        300          0       2117   usmart_config.o
       352         54          0          0         76       3586   usmart_port.o
      1400         20          0          0          0       9353   usmart_str.o

    ----------------------------------------------------------------------
    103830       8160      34468        656   34308924    1892784   Object Totals
         0          0         32          0          0          0   (incl. Generated)
        74          0          6         10          5          0   (incl. Padding)

    ----------------------------------------------------------------------

      Code (inc. data)   RO Data    RW Data    ZI Data      Debug   Library Member Name

        90          0          0          0          0          0   __dczerorl2.o
         8          0          0          0          0         68   __main.o
       392          4         17          0          0         92   __printf_flags_ss_wp.o
        14          0          0          0          0         68   __printf_wp.o
         0          0          0          0          0          0   __rtentry.o
        12          0          0          0          0          0   __rtentry2.o
         6          0          0          0          0          0   __rtentry4.o
        52          8          0          0          0          0   __scatter.o
        28          0          0          0          0          0   __scatter_zi.o
         6          0          0          0          0          0   _printf_c.o
        44          0          0          0          0        108   _printf_char.o
        48          6          0          0          0         96   _printf_char_common.o
        36          4          0          0          0         80   _printf_char_file.o
         6          0          0          0          0          0   _printf_d.o
       120         16          0          0          0         92   _printf_dec.o
         6          0          0          0          0          0   _printf_f.o
      1054          0          0          0          0        216   _printf_fp_dec.o
       128         16          0          0          0         84   _printf_fp_infnan.o
       148          4         40          0          0        160   _printf_hex_int_ll_ptr.o
       178          0          0          0          0         88   _printf_intcommon.o
        10          0          0          0          0          0   _printf_ll.o
         6          0          0          0          0          0   _printf_lld.o
         6          0          0          0          0          0   _printf_llu.o
         6          0          0          0          0          0   _printf_llx.o
       124         16          0          0          0         92   _printf_longlong_dec.o
         6          0          0          0          0          0   _printf_p.o
        78          0          0          0          0        108   _printf_pad.o
         0          0          0          0          0          0   _printf_percent.o
         4          0          0          0          0          0   _printf_percent_end.o
         6          0          0          0          0          0   _printf_s.o
        82          0          0          0          0         80   _printf_str.o
         6          0          0          0          0          0   _printf_u.o
         6          0          0          0          0          0   _printf_x.o
        10          0          0          0          0         68   _sputc.o
       228          4        148          0          0         96   bigflt0.o
      1936        128          0          0          0        672   btod.o
        18          0          0          0          0         80   exit.o
         8          0          0          0          0         68   ferror.o
         6          0          0          0          0        152   heapauxi.o
        44         10         28          0          0         76   lc_numeric_c.o
         2          0          0          0          0          0   libinit.o
        22          0          0          0          0          0   libinit2.o
         2          0          0          0          0          0   libshutdown.o
         2          0          0          0          0          0   libshutdown2.o
         8          4          0          0         96         68   libspace.o
        72          0          0          0          0         76   llsdiv.o
       138          0          0          0          0         80   lludiv10.o
       238          0          0          0          0        100   lludivv7m.o
        24          4          0          0          0         84   noretval__2printf.o
        40          6          0          0          0         84   noretval__2sprintf.o
         8          4          0          0          0         68   rt_locale_intlibspace.o
        68          0          0          0          0         68   rt_memclr.o
        78          0          0          0          0         80   rt_memclr_w.o
       138          0          0          0          0         68   rt_memcpy_v6.o
       100          0          0          0          0         80   rt_memcpy_w.o
         2          0          0          0          0          0   rtexit.o
        10          0          0          0          0          0   rtexit2.o
        24          0          0          0          0         68   strcat.o
       104          0          0          0          0         68   strcmpv7m_pel.o
        72          0          0          0          0         80   strcpy.o
        86          0          0          0          0         76   strncpy.o
        74          0          0          0          0         80   sys_stackheap_outer.o
         2          0          0          0          0         68   use_no_semi.o
         2          0          0          0          0         68   use_no_semi_2.o
        10          0          0          0          0        116   fpinit.o
         4          0          0          0          0        116   printf1.o
         0          0          0          0          0          0   usenofp.o
        48          0          0          0          0        124   fpclassify.o

    ----------------------------------------------------------------------
      6354        234        236          0        100       4364   Library Totals
        10          0          3          0          4          0   (incl. Padding)

    ----------------------------------------------------------------------

      Code (inc. data)   RO Data    RW Data    ZI Data      Debug   Library Name

      6282        234        233          0         96       4008   c_w.l
        14          0          0          0          0        232   fz_wv.l
        48          0          0          0          0        124   m_wv.l

    ----------------------------------------------------------------------
      6354        234        236          0        100       4364   Library Totals

    ----------------------------------------------------------------------

==============================================================================


      Code (inc. data)   RO Data    RW Data    ZI Data      Debug   

    110184       8394      34704        656   34309024    1852712   Grand Totals
    110184       8394      34704        224   34309024    1852712   ELF Image Totals (compressed)
    110184       8394      34704        224          0          0   ROM Totals

==============================================================================

    Total RO  Size (Code + RO Data)               144888 ( 141.49kB)
    Total RW  Size (RW Data + ZI Data)          34309680 (33505.55kB)
    Total ROM Size (Code + RO Data + RW Data)     145112 ( 141.71kB)

==============================================================================

